Component: ARM Compiler 5.06 update 5 (build 528) Tool: armlink [4d35e2]

==============================================================================

Section Cross References

    startup_stm32f446xx.o(RESET) refers to startup_stm32f446xx.o(STACK) for __initial_sp
    startup_stm32f446xx.o(RESET) refers to startup_stm32f446xx.o(.text) for Reset_Handler
    startup_stm32f446xx.o(RESET) refers to port.o(.emb_text) for SVC_Handler
    startup_stm32f446xx.o(RESET) refers to stm32f4xx_it.o(i.SysTick_Handler) for SysTick_Handler
    startup_stm32f446xx.o(RESET) refers to stm32f4xx_it.o(i.DMA1_Stream5_IRQHandler) for DMA1_Stream5_IRQHandler
    startup_stm32f446xx.o(RESET) refers to stm32f4xx_it.o(i.TIM3_IRQHandler) for TIM3_IRQHandler
    startup_stm32f446xx.o(RESET) refers to stm32f4xx_it.o(i.USART1_IRQHandler) for USART1_IRQHandler
    startup_stm32f446xx.o(RESET) refers to stm32f4xx_it.o(i.USART2_IRQHandler) for USART2_IRQHandler
    startup_stm32f446xx.o(RESET) refers to stm32f4xx_it.o(i.DMA2_Stream2_IRQHandler) for DMA2_Stream2_IRQHandler
    startup_stm32f446xx.o(.text) refers to system_stm32f4xx.o(i.SystemInit) for SystemInit
    startup_stm32f446xx.o(.text) refers to entry.o(.ARM.Collect$$$$00000000) for __main
    system_stm32f4xx.o(i.SystemCoreClockUpdate) refers to system_stm32f4xx.o(.data) for .data
    system_stm32f4xx.o(i.SystemCoreClockUpdate) refers to system_stm32f4xx.o(.constdata) for .constdata
    stm32f4xx_hal_timebase_tim.o(i.HAL_InitTick) refers to stm32f4xx_hal_cortex.o(i.HAL_NVIC_SetPriority) for HAL_NVIC_SetPriority
    stm32f4xx_hal_timebase_tim.o(i.HAL_InitTick) refers to stm32f4xx_hal_cortex.o(i.HAL_NVIC_EnableIRQ) for HAL_NVIC_EnableIRQ
    stm32f4xx_hal_timebase_tim.o(i.HAL_InitTick) refers to stm32f4xx_hal_rcc.o(i.HAL_RCC_GetClockConfig) for HAL_RCC_GetClockConfig
    stm32f4xx_hal_timebase_tim.o(i.HAL_InitTick) refers to stm32f4xx_hal_rcc.o(i.HAL_RCC_GetPCLK1Freq) for HAL_RCC_GetPCLK1Freq
    stm32f4xx_hal_timebase_tim.o(i.HAL_InitTick) refers to stm32f4xx_hal_tim.o(i.HAL_TIM_Base_Init) for HAL_TIM_Base_Init
    stm32f4xx_hal_timebase_tim.o(i.HAL_InitTick) refers to stm32f4xx_hal_tim.o(i.HAL_TIM_Base_Start_IT) for HAL_TIM_Base_Start_IT
    stm32f4xx_hal_timebase_tim.o(i.HAL_InitTick) refers to stm32f4xx_hal_timebase_tim.o(.bss) for .bss
    stm32f4xx_hal_timebase_tim.o(i.HAL_ResumeTick) refers to stm32f4xx_hal_timebase_tim.o(.bss) for .bss
    stm32f4xx_hal_timebase_tim.o(i.HAL_SuspendTick) refers to stm32f4xx_hal_timebase_tim.o(.bss) for .bss
    main.o(i.HAL_TIM_PeriodElapsedCallback) refers to stm32f4xx_hal.o(i.HAL_IncTick) for HAL_IncTick
    main.o(i.HAL_UART_RxCpltCallback) refers to cmsis_os.o(i.osMutexWait) for osMutexWait
    main.o(i.HAL_UART_RxCpltCallback) refers to main.o(i.espReplyNewData) for espReplyNewData
    main.o(i.HAL_UART_RxCpltCallback) refers to cmsis_os.o(i.osMutexRelease) for osMutexRelease
    main.o(i.HAL_UART_RxCpltCallback) refers to main.o(.bss) for .bss
    main.o(i.HAL_UART_RxCpltCallback) refers to main.o(.data) for .data
    main.o(i.MX_GPIO_Init) refers to stm32f4xx_hal_gpio.o(i.HAL_GPIO_WritePin) for HAL_GPIO_WritePin
    main.o(i.MX_GPIO_Init) refers to stm32f4xx_hal_gpio.o(i.HAL_GPIO_Init) for HAL_GPIO_Init
    main.o(i.MX_I2C1_Init) refers to stm32f4xx_hal_i2c.o(i.HAL_I2C_Init) for HAL_I2C_Init
    main.o(i.MX_I2C1_Init) refers to main.o(.bss) for .bss
    main.o(i.SensorBMP280GetData) refers to printfa.o(i.__0sprintf) for __2sprintf
    main.o(i.SensorBMP280GetData) refers to stm32f4xx_hal.o(i.HAL_Delay) for HAL_Delay
    main.o(i.SensorBMP280GetData) refers to bmp280.o(i.bmp280_read_float) for bmp280_read_float
    main.o(i.SensorBMP280GetData) refers to f2d.o(.text) for __aeabi_f2d
    main.o(i.SensorBMP280Initialization) refers to bmp280.o(i.bmp280_init_default_params) for bmp280_init_default_params
    main.o(i.SensorBMP280Initialization) refers to printfa.o(i.__0sprintf) for __2sprintf
    main.o(i.SensorBMP280Initialization) refers to stm32f4xx_hal.o(i.HAL_Delay) for HAL_Delay
    main.o(i.SensorBMP280Initialization) refers to bmp280.o(i.bmp280_init) for bmp280_init
    main.o(i.SystemClock_Config) refers to stm32f4xx_hal_rcc_ex.o(i.HAL_RCC_OscConfig) for HAL_RCC_OscConfig
    main.o(i.SystemClock_Config) refers to stm32f4xx_hal_rcc.o(i.HAL_RCC_ClockConfig) for HAL_RCC_ClockConfig
    main.o(i.SystemClock_Config) refers to stm32f4xx_hal_rcc.o(i.HAL_RCC_GetHCLKFreq) for HAL_RCC_GetHCLKFreq
    main.o(i.SystemClock_Config) refers to stm32f4xx_hal_cortex.o(i.HAL_SYSTICK_Config) for HAL_SYSTICK_Config
    main.o(i.SystemClock_Config) refers to stm32f4xx_hal_cortex.o(i.HAL_SYSTICK_CLKSourceConfig) for HAL_SYSTICK_CLKSourceConfig
    main.o(i.SystemClock_Config) refers to stm32f4xx_hal_cortex.o(i.HAL_NVIC_SetPriority) for HAL_NVIC_SetPriority
    main.o(i.espReplyClear) refers to main.o(.bss) for .bss
    main.o(i.espReplyClear) refers to main.o(.data) for .data
[...]
    i.HAL_TIM_PeriodElapsedCallback          0x08001c0c   Section        0  main.o(i.HAL_TIM_PeriodElapsedCallback)
    i.HAL_TIM_TriggerCallback                0x08001c20   Section        0  stm32f4xx_hal_tim.o(i.HAL_TIM_TriggerCallback)
    i.HAL_UART_ErrorCallback                 0x08001c22   Section        0  stm32f4xx_hal_uart.o(i.HAL_UART_ErrorCallback)
    i.HAL_UART_IRQHandler                    0x08001c24   Section        0  stm32f4xx_hal_uart.o(i.HAL_UART_IRQHandler)
    i.HAL_UART_Init                          0x08001d34   Section        0  stm32f4xx_hal_uart.o(i.HAL_UART_Init)
    i.HAL_UART_MspInit                       0x08001d98   Section        0  stm32f4xx_hal_msp.o(i.HAL_UART_MspInit)
    i.HAL_UART_Receive_DMA                   0x08001ecc   Section        0  stm32f4xx_hal_uart.o(i.HAL_UART_Receive_DMA)
    i.HAL_UART_RxCpltCallback                0x08001f64   Section        0  main.o(i.HAL_UART_RxCpltCallback)
    i.HAL_UART_RxHalfCpltCallback            0x08001f94   Section        0  stm32f4xx_hal_uart.o(i.HAL_UART_RxHalfCpltCallback)
    i.HAL_UART_Transmit                      0x08001f96   Section        0  stm32f4xx_hal_uart.o(i.HAL_UART_Transmit)
    i.HAL_UART_TxCpltCallback                0x08002050   Section        0  stm32f4xx_hal_uart.o(i.HAL_UART_TxCpltCallback)
    i.I2C_IsAcknowledgeFailed                0x08002052   Section        0  stm32f4xx_hal_i2c.o(i.I2C_IsAcknowledgeFailed)
    I2C_IsAcknowledgeFailed                  0x08002053   Thumb Code    40  stm32f4xx_hal_i2c.o(i.I2C_IsAcknowledgeFailed)
    i.I2C_RequestMemoryRead                  0x0800207a   Section        0  stm32f4xx_hal_i2c.o(i.I2C_RequestMemoryRead)
    I2C_RequestMemoryRead                    0x0800207b   Thumb Code   240  stm32f4xx_hal_i2c.o(i.I2C_RequestMemoryRead)
    i.I2C_RequestMemoryWrite                 0x0800216c   Section        0  stm32f4xx_hal_i2c.o(i.I2C_RequestMemoryWrite)
    I2C_RequestMemoryWrite                   0x0800216d   Thumb Code   156  stm32f4xx_hal_i2c.o(i.I2C_RequestMemoryWrite)
    i.I2C_WaitOnBTFFlagUntilTimeout          0x0800220c   Section        0  stm32f4xx_hal_i2c.o(i.I2C_WaitOnBTFFlagUntilTimeout)
    I2C_WaitOnBTFFlagUntilTimeout            0x0800220d   Thumb Code    78  stm32f4xx_hal_i2c.o(i.I2C_WaitOnBTFFlagUntilTimeout)
    i.I2C_WaitOnFlagUntilTimeout             0x0800225a   Section        0  stm32f4xx_hal_i2c.o(i.I2C_WaitOnFlagUntilTimeout)
    I2C_WaitOnFlagUntilTimeout               0x0800225b   Thumb Code    96  stm32f4xx_hal_i2c.o(i.I2C_WaitOnFlagUntilTimeout)
    i.I2C_WaitOnMasterAddressFlagUntilTimeout 0x080022bc   Section        0  stm32f4xx_hal_i2c.o(i.I2C_WaitOnMasterAddressFlagUntilTimeout)
    I2C_WaitOnMasterAddressFlagUntilTimeout  0x080022bd   Thumb Code   136  stm32f4xx_hal_i2c.o(i.I2C_WaitOnMasterAddressFlagUntilTimeout)
    i.I2C_WaitOnRXNEFlagUntilTimeout         0x08002344   Section        0  stm32f4xx_hal_i2c.o(i.I2C_WaitOnRXNEFlagUntilTimeout)
    I2C_WaitOnRXNEFlagUntilTimeout           0x08002345   Thumb Code    98  stm32f4xx_hal_i2c.o(i.I2C_WaitOnRXNEFlagUntilTimeout)
    i.I2C_WaitOnTXEFlagUntilTimeout          0x080023a6   Section        0  stm32f4xx_hal_i2c.o(i.I2C_WaitOnTXEFlagUntilTimeout)
    I2C_WaitOnTXEFlagUntilTimeout            0x080023a7   Thumb Code    78  stm32f4xx_hal_i2c.o(i.I2C_WaitOnTXEFlagUntilTimeout)
    i.MQTTPacket_encode                      0x080023f4   Section        0  mqttpacket.o(i.MQTTPacket_encode)
    i.MQTTPacket_len                         0x08002420   Section        0  mqttpacket.o(i.MQTTPacket_len)
    i.MQTTSerialize_connect                  0x08002448   Section        0  mqttconnectclient.o(i.MQTTSerialize_connect)
    i.MQTTSerialize_connectLength            0x08002560   Section        0  mqttconnectclient.o(i.MQTTSerialize_connectLength)
    i.MQTTSerialize_disconnect               0x080025d6   Section        0  mqttconnectclient.o(i.MQTTSerialize_disconnect)
    i.MQTTSerialize_publish                  0x080025dc   Section        0  mqttserializepublish.o(i.MQTTSerialize_publish)
    i.MQTTSerialize_publishLength            0x08002662   Section        0  mqttserializepublish.o(i.MQTTSerialize_publishLength)
    i.MQTTSerialize_zero                     0x08002680   Section        0  mqttconnectclient.o(i.MQTTSerialize_zero)
    i.MQTTstrlen                             0x080026b2   Section        0  mqttpacket.o(i.MQTTstrlen)
    i.MX_GPIO_Init                           0x080026c0   Section        0  main.o(i.MX_GPIO_Init)
    MX_GPIO_Init                             0x080026c1   Thumb Code   110  main.o(i.MX_GPIO_Init)
    i.MX_I2C1_Init                           0x0800273c   Section        0  main.o(i.MX_I2C1_Init)
    MX_I2C1_Init                             0x0800273d   Thumb Code    44  main.o(i.MX_I2C1_Init)
    i.NVIC_SetPriority                       0x08002774   Section        0  stm32f4xx_hal_cortex.o(i.NVIC_SetPriority)
    NVIC_SetPriority                         0x08002775   Thumb Code    32  stm32f4xx_hal_cortex.o(i.NVIC_SetPriority)
    i.SensorBMP280GetData                    0x08002794   Section        0  main.o(i.SensorBMP280GetData)
    i.SensorBMP280Initialization             0x080028d4   Section        0  main.o(i.SensorBMP280Initialization)
    i.SysTick_Handler                        0x0800299c   Section        0  stm32f4xx_it.o(i.SysTick_Handler)
    i.SystemClock_Config                     0x080029a0   Section        0  main.o(i.SystemClock_Config)
    i.SystemInit                             0x08002a40   Section        0  system_stm32f4xx.o(i.SystemInit)
    i.TIM3_IRQHandler                        0x08002a94   Section        0  stm32f4xx_it.o(i.TIM3_IRQHandler)
    i.TIM_Base_SetConfig                     0x08002aa0   Section        0  stm32f4xx_hal_tim.o(i.TIM_Base_SetConfig)
    i.UART_DMAAbortOnError                   0x08002b60   Section        0  stm32f4xx_hal_uart.o(i.UART_DMAAbortOnError)
    UART_DMAAbortOnError                     0x08002b61   Thumb Code    16  stm32f4xx_hal_uart.o(i.UART_DMAAbortOnError)
    i.UART_DMAError                          0x08002b70   Section        0  stm32f4xx_hal_uart.o(i.UART_DMAError)
    UART_DMAError                            0x08002b71   Thumb Code    74  stm32f4xx_hal_uart.o(i.UART_DMAError)
    i.UART_DMAReceiveCplt                    0x08002bba   Section        0  stm32f4xx_hal_uart.o(i.UART_DMAReceiveCplt)
    UART_DMAReceiveCplt                      0x08002bbb   Thumb Code    60  stm32f4xx_hal_uart.o(i.UART_DMAReceiveCplt)
    i.UART_DMARxHalfCplt                     0x08002bf6   Section        0  stm32f4xx_hal_uart.o(i.UART_DMARxHalfCplt)
    UART_DMARxHalfCplt                       0x08002bf7   Thumb Code    10  stm32f4xx_hal_uart.o(i.UART_DMARxHalfCplt)
    i.UART_EndRxTransfer                     0x08002c00   Section        0  stm32f4xx_hal_uart.o(i.UART_EndRxTransfer)
    UART_EndRxTransfer                       0x08002c01   Thumb Code    28  stm32f4xx_hal_uart.o(i.UART_EndRxTransfer)
    i.UART_EndTxTransfer                     0x08002c1c   Section        0  stm32f4xx_hal_uart.o(i.UART_EndTxTransfer)
    UART_EndTxTransfer                       0x08002c1d   Thumb Code    18  stm32f4xx_hal_uart.o(i.UART_EndTxTransfer)
    i.UART_Receive_IT                        0x08002c2e   Section        0  stm32f4xx_hal_uart.o(i.UART_Receive_IT)
    UART_Receive_IT                          0x08002c2f   Thumb Code   140  stm32f4xx_hal_uart.o(i.UART_Receive_IT)
    i.UART_SetConfig                         0x08002cbc   Section        0  stm32f4xx_hal_uart.o(i.UART_SetConfig)
    UART_SetConfig                           0x08002cbd   Thumb Code   676  stm32f4xx_hal_uart.o(i.UART_SetConfig)
    i.UART_Transmit_IT                       0x08002f68   Section        0  stm32f4xx_hal_uart.o(i.UART_Transmit_IT)
    UART_Transmit_IT                         0x08002f69   Thumb Code    98  stm32f4xx_hal_uart.o(i.UART_Transmit_IT)
    i.UART_WaitOnFlagUntilTimeout            0x08002fca   Section        0  stm32f4xx_hal_uart.o(i.UART_WaitOnFlagUntilTimeout)
    UART_WaitOnFlagUntilTimeout              0x08002fcb   Thumb Code   100  stm32f4xx_hal_uart.o(i.UART_WaitOnFlagUntilTimeout)
    i.USART1_IRQHandler                      0x08003030   Section        0  stm32f4xx_it.o(i.USART1_IRQHandler)
    i.USART2_IRQHandler                      0x0800303c   Section        0  stm32f4xx_it.o(i.USART2_IRQHandler)
    i._Error_Handler                         0x08003048   Section        0  main.o(i._Error_Handler)
    i.__0sprintf                             0x0800304c   Section        0  printfa.o(i.__0sprintf)
    i.__scatterload_copy                     0x08003074   Section       14  handlers.o(i.__scatterload_copy)
    i.__scatterload_null                     0x08003082   Section        2  handlers.o(i.__scatterload_null)
    i.__scatterload_zeroinit                 0x08003084   Section       14  handlers.o(i.__scatterload_zeroinit)
    i._fp_digits                             0x08003094   Section        0  printfa.o(i._fp_digits)
    _fp_digits                               0x08003095   Thumb Code   366  printfa.o(i._fp_digits)
    i._printf_core                           0x08003218   Section        0  printfa.o(i._printf_core)
    _printf_core                             0x08003219   Thumb Code  1744  printfa.o(i._printf_core)
    i._printf_post_padding                   0x080038f4   Section        0  printfa.o(i._printf_post_padding)
    _printf_post_padding                     0x080038f5   Thumb Code    36  printfa.o(i._printf_post_padding)
    i._printf_pre_padding                    0x08003918   Section        0  printfa.o(i._printf_pre_padding)
    _printf_pre_padding                      0x08003919   Thumb Code    46  printfa.o(i._printf_pre_padding)
    i._sputc                                 0x08003946   Section        0  printfa.o(i._sputc)
    _sputc                                   0x08003947   Thumb Code    10  printfa.o(i._sputc)
    i.bmp280_init                            0x08003950   Section        0  bmp280.o(i.bmp280_init)
    i.bmp280_init_default_params             0x08003a18   Section        0  bmp280.o(i.bmp280_init_default_params)
    i.bmp280_read_fixed                      0x08003a2a   Section        0  bmp280.o(i.bmp280_read_fixed)
    i.bmp280_read_float                      0x08003b38   Section        0  bmp280.o(i.bmp280_read_float)
    i.compensate_pressure                    0x08003ba4   Section        0  bmp280.o(i.compensate_pressure)
    compensate_pressure                      0x08003ba5   Thumb Code   342  bmp280.o(i.compensate_pressure)
    i.espReplyClear                          0x08003d00   Section        0  main.o(i.espReplyClear)
    i.espReplyIsSubstring                    0x08003d20   Section        0  main.o(i.espReplyIsSubstring)
    i.espReplyNewData                        0x08003db4   Section        0  main.o(i.espReplyNewData)
    i.espReplyToUART2                        0x08003dd8   Section        0  main.o(i.espReplyToUART2)
    i.inHandlerMode                          0x08003e00   Section        0  cmsis_os.o(i.inHandlerMode)
    inHandlerMode                            0x08003e01   Thumb Code    12  cmsis_os.o(i.inHandlerMode)
    i.main                                   0x08003e0c   Section        0  main.o(i.main)
    i.makeFreeRtosPriority                   0x08003f14   Section        0  cmsis_os.o(i.makeFreeRtosPriority)
    makeFreeRtosPriority                     0x08003f15   Thumb Code    12  cmsis_os.o(i.makeFreeRtosPriority)
    i.osDelay                                0x08003f20   Section        0  cmsis_os.o(i.osDelay)
    i.osKernelStart                          0x08003f2e   Section        0  cmsis_os.o(i.osKernelStart)
    i.osMutexCreate                          0x08003f38   Section        0  cmsis_os.o(i.osMutexCreate)
    i.osMutexRelease                         0x08003f40   Section        0  cmsis_os.o(i.osMutexRelease)
    i.osMutexWait                            0x08003f90   Section        0  cmsis_os.o(i.osMutexWait)
    i.osSystickHandler                       0x08003ff8   Section        0  cmsis_os.o(i.osSystickHandler)
    i.osThreadCreate                         0x0800400c   Section        0  cmsis_os.o(i.osThreadCreate)
    i.prvAddCurrentTaskToDelayedList         0x0800403c   Section        0  tasks.o(i.prvAddCurrentTaskToDelayedList)
    prvAddCurrentTaskToDelayedList           0x0800403d   Thumb Code   102  tasks.o(i.prvAddCurrentTaskToDelayedList)
    i.prvAddNewTaskToReadyList               0x080040ac   Section        0  tasks.o(i.prvAddNewTaskToReadyList)
    prvAddNewTaskToReadyList                 0x080040ad   Thumb Code   194  tasks.o(i.prvAddNewTaskToReadyList)
    i.prvCheckTasksWaitingTermination        0x0800417c   Section        0  tasks.o(i.prvCheckTasksWaitingTermination)
    prvCheckTasksWaitingTermination          0x0800417d   Thumb Code    70  tasks.o(i.prvCheckTasksWaitingTermination)
    i.prvCopyDataFromQueue                   0x080041cc   Section        0  queue.o(i.prvCopyDataFromQueue)
    prvCopyDataFromQueue                     0x080041cd   Thumb Code    38  queue.o(i.prvCopyDataFromQueue)
    i.prvCopyDataToQueue                     0x080041f2   Section        0  queue.o(i.prvCopyDataToQueue)
    prvCopyDataToQueue                       0x080041f3   Thumb Code   108  queue.o(i.prvCopyDataToQueue)
    i.prvDeleteTCB                           0x0800425e   Section        0  tasks.o(i.prvDeleteTCB)
    prvDeleteTCB                             0x0800425f   Thumb Code    20  tasks.o(i.prvDeleteTCB)
    i.prvHeapInit                            0x08004274   Section        0  heap_4.o(i.prvHeapInit)
    prvHeapInit                              0x08004275   Thumb Code    66  heap_4.o(i.prvHeapInit)
    i.prvIdleTask                            0x080042c0   Section        0  tasks.o(i.prvIdleTask)
    prvIdleTask                              0x080042c1   Thumb Code    30  tasks.o(i.prvIdleTask)
    i.prvInitialiseNewTask                   0x080042e8   Section        0  tasks.o(i.prvInitialiseNewTask)
    prvInitialiseNewTask                     0x080042e9   Thumb Code   142  tasks.o(i.prvInitialiseNewTask)
    i.prvInsertBlockIntoFreeList             0x08004378   Section        0  heap_4.o(i.prvInsertBlockIntoFreeList)
    prvInsertBlockIntoFreeList               0x08004379   Thumb Code    72  heap_4.o(i.prvInsertBlockIntoFreeList)
    i.prvIsQueueEmpty                        0x080043c4   Section        0  queue.o(i.prvIsQueueEmpty)
    prvIsQueueEmpty                          0x080043c5   Thumb Code    28  queue.o(i.prvIsQueueEmpty)
    i.prvResetNextTaskUnblockTime            0x080043e0   Section        0  tasks.o(i.prvResetNextTaskUnblockTime)
    prvResetNextTaskUnblockTime              0x080043e1   Thumb Code    26  tasks.o(i.prvResetNextTaskUnblockTime)
    i.prvTaskExitError                       0x08004400   Section        0  port.o(i.prvTaskExitError)
    prvTaskExitError                         0x08004401   Thumb Code    36  port.o(i.prvTaskExitError)
    i.prvUnlockQueue                         0x08004428   Section        0  queue.o(i.prvUnlockQueue)
    prvUnlockQueue                           0x08004429   Thumb Code   106  queue.o(i.prvUnlockQueue)
    i.pvPortMalloc                           0x08004494   Section        0  heap_4.o(i.pvPortMalloc)
    i.pvTaskIncrementMutexHeldCount          0x0800456c   Section        0  tasks.o(i.pvTaskIncrementMutexHeldCount)
    i.pxPortInitialiseStack                  0x08004584   Section        0  port.o(i.pxPortInitialiseStack)
    i.read_calibration_data                  0x080045b0   Section        0  bmp280.o(i.read_calibration_data)
    read_calibration_data                    0x080045b1   Thumb Code   176  bmp280.o(i.read_calibration_data)
    i.read_data                              0x08004660   Section        0  bmp280.o(i.read_data)
    read_data                                0x08004661   Thumb Code    42  bmp280.o(i.read_data)
    i.read_hum_calibration_data              0x0800468a   Section        0  bmp280.o(i.read_hum_calibration_data)
    read_hum_calibration_data                0x0800468b   Thumb Code   120  bmp280.o(i.read_hum_calibration_data)
    i.read_register16                        0x08004702   Section        0  bmp280.o(i.read_register16)
    read_register16                          0x08004703   Thumb Code    56  bmp280.o(i.read_register16)
    i.sensorThread1                          0x0800473c   Section        0  main.o(i.sensorThread1)
    i.serverThread2                          0x080047a0   Section        0  main.o(i.serverThread2)
    i.strSendUART1                           0x08004b80   Section        0  main.o(i.strSendUART1)
    i.strSendUART2                           0x08004b9c   Section        0  main.o(i.strSendUART2)
    i.uxListRemove                           0x08004bb8   Section        0  list.o(i.uxListRemove)
    i.vListInitialise                        0x08004bdc   Section        0  list.o(i.vListInitialise)
    i.vListInitialiseItem                    0x08004bf2   Section        0  list.o(i.vListInitialiseItem)
    i.vListInsert                            0x08004bf8   Section        0  list.o(i.vListInsert)
    i.vListInsertEnd                         0x08004c28   Section        0  list.o(i.vListInsertEnd)
    i.vPortEnterCritical                     0x08004c40   Section        0  port.o(i.vPortEnterCritical)
    i.vPortExitCritical                      0x08004c80   Section        0  port.o(i.vPortExitCritical)
    i.vPortFree                              0x08004ca8   Section        0  heap_4.o(i.vPortFree)
    i.vPortSetupTimerInterrupt               0x08004d04   Section        0  port.o(i.vPortSetupTimerInterrupt)
    i.vPortValidateInterruptPriority         0x08004d24   Section        0  port.o(i.vPortValidateInterruptPriority)
    i.vTaskDelay                             0x08004d78   Section        0  tasks.o(i.vTaskDelay)
    i.vTaskMissedYield                       0x08004dc4   Section        0  tasks.o(i.vTaskMissedYield)
    i.vTaskPlaceOnEventList                  0x08004dd0   Section        0  tasks.o(i.vTaskPlaceOnEventList)
    i.vTaskPriorityInherit                   0x08004e00   Section        0  tasks.o(i.vTaskPriorityInherit)
    i.vTaskSetTimeOutState                   0x08004e84   Section        0  tasks.o(i.vTaskSetTimeOutState)
    i.vTaskStartScheduler                    0x08004ea8   Section        0  tasks.o(i.vTaskStartScheduler)
    i.vTaskSuspendAll                        0x08004f10   Section        0  tasks.o(i.vTaskSuspendAll)
    i.vTaskSwitchContext                     0x08004f20   Section        0  tasks.o(i.vTaskSwitchContext)
    i.writeCString                           0x08004f7c   Section        0  mqttpacket.o(i.writeCString)
    i.writeChar                              0x08004fa4   Section        0  mqttpacket.o(i.writeChar)
    i.writeInt                               0x08004fb0   Section        0  mqttpacket.o(i.writeInt)
    i.writeMQTTString                        0x08004fce   Section        0  mqttpacket.o(i.writeMQTTString)
    i.write_register8                        0x08005004   Section        0  bmp280.o(i.write_register8)
    write_register8                          0x08005005   Thumb Code    46  bmp280.o(i.write_register8)
    i.xPortStartScheduler                    0x08005034   Section        0  port.o(i.xPortStartScheduler)
    i.xPortSysTickHandler                    0x08005114   Section        0  port.o(i.xPortSysTickHandler)
    i.xQueueCreateMutex                      0x08005140   Section        0  queue.o(i.xQueueCreateMutex)
    i.xQueueGenericCreate                    0x08005164   Section        0  queue.o(i.xQueueGenericCreate)
    i.xQueueGenericReceive                   0x080051ac   Section        0  queue.o(i.xQueueGenericReceive)
    i.xQueueGenericReset                     0x08005318   Section        0  queue.o(i.xQueueGenericReset)
    i.xQueueGenericSend                      0x080053a0   Section        0  queue.o(i.xQueueGenericSend)
    i.xQueueGiveFromISR                      0x08005500   Section        0  queue.o(i.xQueueGiveFromISR)
    i.xQueueReceiveFromISR                   0x0800559c   Section        0  queue.o(i.xQueueReceiveFromISR)
    i.xTaskCheckForTimeOut                   0x08005638   Section        0  tasks.o(i.xTaskCheckForTimeOut)
    i.xTaskCreate                            0x080056a4   Section        0  tasks.o(i.xTaskCreate)
    i.xTaskGetSchedulerState                 0x080056fc   Section        0  tasks.o(i.xTaskGetSchedulerState)
    i.xTaskIncrementTick                     0x08005718   Section        0  tasks.o(i.xTaskIncrementTick)
    i.xTaskPriorityDisinherit                0x080057e0   Section        0  tasks.o(i.xTaskPriorityDisinherit)
    i.xTaskRemoveFromEventList               0x08005878   Section        0  tasks.o(i.xTaskRemoveFromEventList)
    i.xTaskResumeAll                         0x080058ec   Section        0  tasks.o(i.xTaskResumeAll)
    .constdata                               0x080059b0   Section       16  system_stm32f4xx.o(.constdata)
    .constdata                               0x080059c0   Section        8  system_stm32f4xx.o(.constdata)
    .constdata                               0x080059c8   Section      128  main.o(.constdata)
    .constdata                               0x08005a48   Section        8  stm32f4xx_hal_dma.o(.constdata)
    flagBitshiftOffset                       0x08005a48   Data           8  stm32f4xx_hal_dma.o(.constdata)
    .conststring                             0x08005a50   Section      104  main.o(.conststring)
    .data                                    0x20000000   Section        4  system_stm32f4xx.o(.data)
    .data                                    0x20000004   Section       36  main.o(.data)
    .data                                    0x20000028   Section       12  stm32f4xx_hal.o(.data)
    .data                                    0x20000034   Section       60  tasks.o(.data)
    uxDeletedTasksWaitingCleanUp             0x20000038   Data           4  tasks.o(.data)
    uxCurrentNumberOfTasks                   0x2000003c   Data           4  tasks.o(.data)
    xTickCount                               0x20000040   Data           4  tasks.o(.data)
    uxTopReadyPriority                       0x20000044   Data           4  tasks.o(.data)
    xSchedulerRunning                        0x20000048   Data           4  tasks.o(.data)
    uxPendedTicks                            0x2000004c   Data           4  tasks.o(.data)
    xYieldPending                            0x20000050   Data           4  tasks.o(.data)
    xNumOfOverflows                          0x20000054   Data           4  tasks.o(.data)
    uxTaskNumber                             0x20000058   Data           4  tasks.o(.data)
    xNextTaskUnblockTime                     0x2000005c   Data           4  tasks.o(.data)
    xIdleTaskHandle                          0x20000060   Data           4  tasks.o(.data)
    uxSchedulerSuspended                     0x20000064   Data           4  tasks.o(.data)
    pxDelayedTaskList                        0x20000068   Data           4  tasks.o(.data)
    pxOverflowDelayedTaskList                0x2000006c   Data           4  tasks.o(.data)
    .data                                    0x20000070   Section       12  port.o(.data)
    ucMaxSysCallPriority                     0x20000070   Data           1  port.o(.data)
    uxCriticalNesting                        0x20000074   Data           4  port.o(.data)
    ulMaxPRIGROUPValue                       0x20000078   Data           4  port.o(.data)
    .data                                    0x2000007c   Section       24  heap_4.o(.data)
    pxEnd                                    0x2000007c   Data           4  heap_4.o(.data)
    xFreeBytesRemaining                      0x20000080   Data           4  heap_4.o(.data)
    xMinimumEverFreeBytesRemaining           0x20000084   Data           4  heap_4.o(.data)
    xBlockAllocatedBit                       0x20000088   Data           4  heap_4.o(.data)
    xStart                                   0x2000008c   Data           8  heap_4.o(.data)
    .bss                                     0x20000094   Section       60  stm32f4xx_hal_timebase_tim.o(.bss)
    .bss                                     0x200000d0   Section     1620  main.o(.bss)
    .bss                                     0x20000724   Section       96  main.o(.bss)
    .bss                                     0x20000784   Section       96  main.o(.bss)
    .bss                                     0x200007e4   Section      240  tasks.o(.bss)
    pxReadyTasksLists                        0x200007e4   Data         140  tasks.o(.bss)
    xDelayedTaskList1                        0x20000870   Data          20  tasks.o(.bss)
    xDelayedTaskList2                        0x20000884   Data          20  tasks.o(.bss)
    xPendingReadyList                        0x20000898   Data          20  tasks.o(.bss)
    xTasksWaitingTermination                 0x200008ac   Data          20  tasks.o(.bss)
    xSuspendedTaskList                       0x200008c0   Data          20  tasks.o(.bss)
    .bss                                     0x200008d4   Section    15360  heap_4.o(.bss)
    ucHeap                                   0x200008d4   Data       15360  heap_4.o(.bss)
    STACK                                    0x200044d8   Section     1024  startup_stm32f446xx.o(STACK)

    Global Symbols

    Symbol Name                              Value     Ov Type        Size  Object(Section)

    BuildAttributes$$THM_ISAv4$E$P$D$K$B$S$7EM$VFPi3$EXTD16$VFPS$VFMA$PE$A:L22UL41UL21$X:L11$S22US41US21$IEEE1$IW$USESV6$~STKCKD$USESV7$~SHL$OSPACE$ROPI$EBA8$MICROLIB$REQ8$PRES8$EABIv2 0x00000000   Number         0  anon$$obj.o ABSOLUTE
    __ARM_use_no_argv                        0x00000000   Number         0  main.o ABSOLUTE
    _printf_a                                0x00000000   Number         0  stubs.o ABSOLUTE
    _printf_c                                0x00000000   Number         0  stubs.o ABSOLUTE
    _printf_charcount                        0x00000000   Number         0  stubs.o ABSOLUTE
    _printf_d                                0x00000000   Number         0  stubs.o ABSOLUTE
    _printf_e                                0x00000000   Number         0  stubs.o ABSOLUTE
    _printf_f                                0x00000000   Number         0  stubs.o ABSOLUTE
    _printf_flags                            0x00000000   Number         0  stubs.o ABSOLUTE
    _printf_fp_dec                           0x00000000   Number         0  stubs.o ABSOLUTE
    _printf_fp_hex                           0x00000000   Number         0  stubs.o ABSOLUTE
    _printf_g                                0x00000000   Number         0  stubs.o ABSOLUTE
    _printf_i                                0x00000000   Number         0  stubs.o ABSOLUTE
    _printf_int_dec                          0x00000000   Number         0  stubs.o ABSOLUTE
    _printf_l                                0x00000000   Number         0  stubs.o ABSOLUTE
    _printf_lc                               0x00000000   Number         0  stubs.o ABSOLUTE
    _printf_ll                               0x00000000   Number         0  stubs.o ABSOLUTE
    _printf_lld                              0x00000000   Number         0  stubs.o ABSOLUTE
    _printf_lli                              0x00000000   Number         0  stubs.o ABSOLUTE
    _printf_llo                              0x00000000   Number         0  stubs.o ABSOLUTE
    _printf_llu                              0x00000000   Number         0  stubs.o ABSOLUTE
    _printf_llx                              0x00000000   Number         0  stubs.o ABSOLUTE
    _printf_longlong_dec                     0x00000000   Number         0  stubs.o ABSOLUTE
    _printf_longlong_hex                     0x00000000   Number         0  stubs.o ABSOLUTE
    _printf_longlong_oct                     0x00000000   Number         0  stubs.o ABSOLUTE
    _printf_ls                               0x00000000   Number         0  stubs.o ABSOLUTE
    _printf_mbtowc                           0x00000000   Number         0  stubs.o ABSOLUTE
    _printf_n                                0x00000000   Number         0  stubs.o ABSOLUTE
    _printf_o                                0x00000000   Number         0  stubs.o ABSOLUTE
    _printf_p                                0x00000000   Number         0  stubs.o ABSOLUTE
    _printf_percent                          0x00000000   Number         0  stubs.o ABSOLUTE
    _printf_pre_padding                      0x00000000   Number         0  stubs.o ABSOLUTE
    _printf_return_value                     0x00000000   Number         0  stubs.o ABSOLUTE
    _printf_s                                0x00000000   Number         0  stubs.o ABSOLUTE
    _printf_sizespec                         0x00000000   Number         0  stubs.o ABSOLUTE
    _printf_str                              0x00000000   Number         0  stubs.o ABSOLUTE
    _printf_truncate_signed                  0x00000000   Number         0  stubs.o ABSOLUTE
    _printf_truncate_unsigned                0x00000000   Number         0  stubs.o ABSOLUTE
    _printf_u                                0x00000000   Number         0  stubs.o ABSOLUTE
    _printf_wc                               0x00000000   Number         0  stubs.o ABSOLUTE
    _printf_wctomb                           0x00000000   Number         0  stubs.o ABSOLUTE
    _printf_widthprec                        0x00000000   Number         0  stubs.o ABSOLUTE
    _printf_x                                0x00000000   Number         0  stubs.o ABSOLUTE
    __cpp_initialize__aeabi_                  - Undefined Weak Reference
    __cxa_finalize                            - Undefined Weak Reference
    __decompress                              - Undefined Weak Reference
    _clock_init                               - Undefined Weak Reference
    _microlib_exit                            - Undefined Weak Reference
    __Vectors_Size                           0x000001c4   Number         0  startup_stm32f446xx.o ABSOLUTE
    __Vectors                                0x08000000   Data           4  startup_stm32f446xx.o(RESET)
    __Vectors_End                            0x080001c4   Data           0  startup_stm32f446xx.o(RESET)
    __main                                   0x080001c5   Thumb Code     0  entry.o(.ARM.Collect$$$$00000000)
    _main_stk                                0x080001c5   Thumb Code     0  entry2.o(.ARM.Collect$$$$00000001)
    _main_scatterload                        0x080001c9   Thumb Code     0  entry5.o(.ARM.Collect$$$$00000004)
    __main_after_scatterload                 0x080001cd   Thumb Code     0  entry5.o(.ARM.Collect$$$$00000004)
    _main_clock                              0x080001cd   Thumb Code     0  entry7b.o(.ARM.Collect$$$$00000008)
    _main_cpp_init                           0x080001cd   Thumb Code     0  entry8b.o(.ARM.Collect$$$$0000000A)
    _main_init                               0x080001cd   Thumb Code     0  entry9a.o(.ARM.Collect$$$$0000000B)
    __rt_final_cpp                           0x080001d5   Thumb Code     0  entry10a.o(.ARM.Collect$$$$0000000D)
    __rt_final_exit                          0x080001d5   Thumb Code     0  entry11a.o(.ARM.Collect$$$$0000000F)
    SVC_Handler                              0x080001d9   Thumb Code    28  port.o(.emb_text)
    __asm___6_port_c_39a90d8d__prvStartFirstTask 0x080001f9   Thumb Code    28  port.o(.emb_text)
    __asm___6_port_c_39a90d8d__prvEnableVFP  0x08000219   Thumb Code    16  port.o(.emb_text)
    PendSV_Handler                           0x0800022d   Thumb Code    92  port.o(.emb_text)
    vPortGetIPSR                             0x0800028d   Thumb Code     6  port.o(.emb_text)
    Reset_Handler                            0x08000295   Thumb Code     8  startup_stm32f446xx.o(.text)
    NMI_Handler                              0x0800029d   Thumb Code     2  startup_stm32f446xx.o(.text)
    HardFault_Handler                        0x0800029f   Thumb Code     2  startup_stm32f446xx.o(.text)
    MemManage_Handler                        0x080002a1   Thumb Code     2  startup_stm32f446xx.o(.text)
    BusFault_Handler                         0x080002a3   Thumb Code     2  startup_stm32f446xx.o(.text)
    UsageFault_Handler                       0x080002a5   Thumb Code     2  startup_stm32f446xx.o(.text)
    DebugMon_Handler                         0x080002a9   Thumb Code     2  startup_stm32f446xx.o(.text)
    ADC_IRQHandler                           0x080002af   Thumb Code     0  startup_stm32f446xx.o(.text)
    CAN1_RX0_IRQHandler                      0x080002af   Thumb Code     0  startup_stm32f446xx.o(.text)
    CAN1_RX1_IRQHandler                      0x080002af   Thumb Code     0  startup_stm32f446xx.o(.text)
    CAN1_SCE_IRQHandler                      0x080002af   Thumb Code     0  startup_stm32f446xx.o(.text)
    CAN1_TX_IRQHandler                       0x080002af   Thumb Code     0  startup_stm32f446xx.o(.text)
    CAN2_RX0_IRQHandler                      0x080002af   Thumb Code     0  startup_stm32f446xx.o(.text)
    CAN2_RX1_IRQHandler                      0x080002af   Thumb Code     0  startup_stm32f446xx.o(.text)
    CAN2_SCE_IRQHandler                      0x080002af   Thumb Code     0  startup_stm32f446xx.o(.text)
    CAN2_TX_IRQHandler                       0x080002af   Thumb Code     0  startup_stm32f446xx.o(.text)
    CEC_IRQHandler                           0x080002af   Thumb Code     0  startup_stm32f446xx.o(.text)
    DCMI_IRQHandler                          0x080002af   Thumb Code     0  startup_stm32f446xx.o(.text)
    DMA1_Stream0_IRQHandler                  0x080002af   Thumb Code     0  startup_stm32f446xx.o(.text)
    DMA1_Stream1_IRQHandler                  0x080002af   Thumb Code     0  startup_stm32f446xx.o(.text)
    DMA1_Stream2_IRQHandler                  0x080002af   Thumb Code     0  startup_stm32f446xx.o(.text)
    DMA1_Stream3_IRQHandler                  0x080002af   Thumb Code     0  startup_stm32f446xx.o(.text)
    DMA1_Stream4_IRQHandler                  0x080002af   Thumb Code     0  startup_stm32f446xx.o(.text)
    DMA1_Stream6_IRQHandler                  0x080002af   Thumb Code     0  startup_stm32f446xx.o(.text)
    DMA1_Stream7_IRQHandler                  0x080002af   Thumb Code     0  startup_stm32f446xx.o(.text)
    DMA2_Stream0_IRQHandler                  0x080002af   Thumb Code     0  startup_stm32f446xx.o(.text)
    DMA2_Stream1_IRQHandler                  0x080002af   Thumb Code     0  startup_stm32f446xx.o(.text)
    DMA2_Stream3_IRQHandler                  0x080002af   Thumb Code     0  startup_stm32f446xx.o(.text)
    DMA2_Stream4_IRQHandler                  0x080002af   Thumb Code     0  startup_stm32f446xx.o(.text)
    DMA2_Stream5_IRQHandler                  0x080002af   Thumb Code     0  startup_stm32f446xx.o(.text)
    DMA2_Stream6_IRQHandler                  0x080002af   Thumb Code     0  startup_stm32f446xx.o(.text)
    DMA2_Stream7_IRQHandler                  0x080002af   Thumb Code     0  startup_stm32f446xx.o(.text)
    EXTI0_IRQHandler                         0x080002af   Thumb Code     0  startup_stm32f446xx.o(.text)
    EXTI15_10_IRQHandler                     0x080002af   Thumb Code     0  startup_stm32f446xx.o(.text)
    EXTI1_IRQHandler                         0x080002af   Thumb Code     0  startup_stm32f446xx.o(.text)
    EXTI2_IRQHandler                         0x080002af   Thumb Code     0  startup_stm32f446xx.o(.text)
    EXTI3_IRQHandler                         0x080002af   Thumb Code     0  startup_stm32f446xx.o(.text)
    EXTI4_IRQHandler                         0x080002af   Thumb Code     0  startup_stm32f446xx.o(.text)
    EXTI9_5_IRQHandler                       0x080002af   Thumb Code     0  startup_stm32f446xx.o(.text)
    FLASH_IRQHandler                         0x080002af   Thumb Code     0  startup_stm32f446xx.o(.text)
    FMC_IRQHandler                           0x080002af   Thumb Code     0  startup_stm32f446xx.o(.text)
    FPU_IRQHandler                           0x080002af   Thumb Code     0  startup_stm32f446xx.o(.text)
    I2C1_ER_IRQHandler                       0x080002af   Thumb Code     0  startup_stm32f446xx.o(.text)
    I2C1_EV_IRQHandler                       0x080002af   Thumb Code     0  startup_stm32f446xx.o(.text)
    I2C2_ER_IRQHandler                       0x080002af   Thumb Code     0  startup_stm32f446xx.o(.text)
    I2C2_EV_IRQHandler                       0x080002af   Thumb Code     0  startup_stm32f446xx.o(.text)
    I2C3_ER_IRQHandler                       0x080002af   Thumb Code     0  startup_stm32f446xx.o(.text)
    I2C3_EV_IRQHandler                       0x080002af   Thumb Code     0  startup_stm32f446xx.o(.text)
    I2C4_Error_IRQHandler                    0x080002af   Thumb Code     0  startup_stm32f446xx.o(.text)
    I2C4_Event_IRQHandler                    0x080002af   Thumb Code     0  startup_stm32f446xx.o(.text)
    OTG_FS_IRQHandler                        0x080002af   Thumb Code     0  startup_stm32f446xx.o(.text)
    OTG_FS_WKUP_IRQHandler                   0x080002af   Thumb Code     0  startup_stm32f446xx.o(.text)
    OTG_HS_EP1_IN_IRQHandler                 0x080002af   Thumb Code     0  startup_stm32f446xx.o(.text)
    OTG_HS_EP1_OUT_IRQHandler                0x080002af   Thumb Code     0  startup_stm32f446xx.o(.text)
    OTG_HS_IRQHandler                        0x080002af   Thumb Code     0  startup_stm32f446xx.o(.text)
    OTG_HS_WKUP_IRQHandler                   0x080002af   Thumb Code     0  startup_stm32f446xx.o(.text)
    PVD_IRQHandler                           0x080002af   Thumb Code     0  startup_stm32f446xx.o(.text)
    QUADSPI_IRQHandler                       0x080002af   Thumb Code     0  startup_stm32f446xx.o(.text)
    RCC_IRQHandler                           0x080002af   Thumb Code     0  startup_stm32f446xx.o(.text)
    RTC_Alarm_IRQHandler                     0x080002af   Thumb Code     0  startup_stm32f446xx.o(.text)
    RTC_WKUP_IRQHandler                      0x080002af   Thumb Code     0  startup_stm32f446xx.o(.text)
    SAI1_IRQHandler                          0x080002af   Thumb Code     0  startup_stm32f446xx.o(.text)
    SAI2_IRQHandler                          0x080002af   Thumb Code     0  startup_stm32f446xx.o(.text)
    SDIO_IRQHandler                          0x080002af   Thumb Code     0  startup_stm32f446xx.o(.text)
    SPDIF_RX_IRQHandler                      0x080002af   Thumb Code     0  startup_stm32f446xx.o(.text)
    SPI1_IRQHandler                          0x080002af   Thumb Code     0  startup_stm32f446xx.o(.text)
    SPI2_IRQHandler                          0x080002af   Thumb Code     0  startup_stm32f446xx.o(.text)
    SPI3_IRQHandler                          0x080002af   Thumb Code     0  startup_stm32f446xx.o(.text)
    SPI4_IRQHandler                          0x080002af   Thumb Code     0  startup_stm32f446xx.o(.text)
    TAMP_STAMP_IRQHandler                    0x080002af   Thumb Code     0  startup_stm32f446xx.o(.text)
    TIM1_BRK_TIM9_IRQHandler                 0x080002af   Thumb Code     0  startup_stm32f446xx.o(.text)
    TIM1_CC_IRQHandler                       0x080002af   Thumb Code     0  startup_stm32f446xx.o(.text)
    TIM1_TRG_COM_TIM11_IRQHandler            0x080002af   Thumb Code     0  startup_stm32f446xx.o(.text)
    TIM1_UP_TIM10_IRQHandler                 0x080002af   Thumb Code     0  startup_stm32f446xx.o(.text)
    TIM2_IRQHandler                          0x080002af   Thumb Code     0  startup_stm32f446xx.o(.text)
    TIM4_IRQHandler                          0x080002af   Thumb Code     0  startup_stm32f446xx.o(.text)
    TIM5_IRQHandler                          0x080002af   Thumb Code     0  startup_stm32f446xx.o(.text)
    TIM6_DAC_IRQHandler                      0x080002af   Thumb Code     0  startup_stm32f446xx.o(.text)
    TIM7_IRQHandler                          0x080002af   Thumb Code     0  startup_stm32f446xx.o(.text)
    TIM8_BRK_TIM12_IRQHandler                0x080002af   Thumb Code     0  startup_stm32f446xx.o(.text)
    TIM8_CC_IRQHandler                       0x080002af   Thumb Code     0  startup_stm32f446xx.o(.text)
    TIM8_TRG_COM_TIM14_IRQHandler            0x080002af   Thumb Code     0  startup_stm32f446xx.o(.text)
    TIM8_UP_TIM13_IRQHandler                 0x080002af   Thumb Code     0  startup_stm32f446xx.o(.text)
    UART4_IRQHandler                         0x080002af   Thumb Code     0  startup_stm32f446xx.o(.text)
    UART5_IRQHandler                         0x080002af   Thumb Code     0  startup_stm32f446xx.o(.text)
    USART3_IRQHandler                        0x080002af   Thumb Code     0  startup_stm32f446xx.o(.text)
    USART6_IRQHandler                        0x080002af   Thumb Code     0  startup_stm32f446xx.o(.text)
    WWDG_IRQHandler                          0x080002af   Thumb Code     0  startup_stm32f446xx.o(.text)
    __aeabi_uldivmod                         0x080002b9   Thumb Code    98  uldiv.o(.text)
    __aeabi_ldivmod                          0x0800031b   Thumb Code    98  ldiv.o(.text)
    __aeabi_memcpy                           0x0800037d   Thumb Code    36  memcpya.o(.text)
    __aeabi_memcpy4                          0x0800037d   Thumb Code     0  memcpya.o(.text)
    __aeabi_memcpy8                          0x0800037d   Thumb Code     0  memcpya.o(.text)
    strlen                                   0x080003a1   Thumb Code    14  strlen.o(.text)
    __aeabi_f2d                              0x080003af   Thumb Code    38  f2d.o(.text)
    __aeabi_uidiv                            0x080003d5   Thumb Code     0  uidiv.o(.text)
    __aeabi_uidivmod                         0x080003d5   Thumb Code    44  uidiv.o(.text)
    __aeabi_llsl                             0x08000401   Thumb Code    30  llshl.o(.text)
    _ll_shift_l                              0x08000401   Thumb Code     0  llshl.o(.text)
    __aeabi_llsr                             0x0800041f   Thumb Code    32  llushr.o(.text)
    _ll_ushift_r                             0x0800041f   Thumb Code     0  llushr.o(.text)
    __I$use$fp                               0x0800043f   Thumb Code     0  iusefp.o(.text)
    __aeabi_dadd                             0x0800043f   Thumb Code   322  dadd.o(.text)
    __aeabi_dsub                             0x08000581   Thumb Code     6  dadd.o(.text)
    __aeabi_drsub                            0x08000587   Thumb Code     6  dadd.o(.text)
    __aeabi_dmul                             0x0800058d   Thumb Code   228  dmul.o(.text)
    __aeabi_ddiv                             0x08000671   Thumb Code   222  ddiv.o(.text)
    __aeabi_d2ulz                            0x0800074f   Thumb Code    48  dfixul.o(.text)
    __aeabi_cdrcmple                         0x08000781   Thumb Code    48  cdrcmple.o(.text)
    __scatterload                            0x080007b1   Thumb Code    28  init.o(.text)
    __scatterload_rt2                        0x080007b1   Thumb Code     0  init.o(.text)
    __aeabi_lasr                             0x080007d5   Thumb Code    36  llsshr.o(.text)
    _ll_sshift_r                             0x080007d5   Thumb Code     0  llsshr.o(.text)
    _double_round                            0x080007f9   Thumb Code    30  depilogue.o(.text)
    _double_epilogue                         0x08000817   Thumb Code   156  depilogue.o(.text)
    DMA1_Stream5_IRQHandler                  0x080008b5   Thumb Code     6  stm32f4xx_it.o(i.DMA1_Stream5_IRQHandler)
    DMA2_Stream2_IRQHandler                  0x080008c1   Thumb Code     6  stm32f4xx_it.o(i.DMA2_Stream2_IRQHandler)
    HAL_DMA_Abort_IT                         0x08000971   Thumb Code    36  stm32f4xx_hal_dma.o(i.HAL_DMA_Abort_IT)
    HAL_DMA_IRQHandler                       0x08000995   Thumb Code   412  stm32f4xx_hal_dma.o(i.HAL_DMA_IRQHandler)
    HAL_DMA_Init                             0x08000b35   Thumb Code   206  stm32f4xx_hal_dma.o(i.HAL_DMA_Init)
    HAL_DMA_Start_IT                         0x08000c09   Thumb Code   120  stm32f4xx_hal_dma.o(i.HAL_DMA_Start_IT)
    HAL_Delay                                0x08000c81   Thumb Code    32  stm32f4xx_hal.o(i.HAL_Delay)
    HAL_GPIO_Init                            0x08000ca5   Thumb Code   378  stm32f4xx_hal_gpio.o(i.HAL_GPIO_Init)
    HAL_GPIO_WritePin                        0x08000e49   Thumb Code    10  stm32f4xx_hal_gpio.o(i.HAL_GPIO_WritePin)
    HAL_GetTick                              0x08000e55   Thumb Code     6  stm32f4xx_hal.o(i.HAL_GetTick)
    HAL_I2C_Init                             0x08000e61   Thumb Code   254  stm32f4xx_hal_i2c.o(i.HAL_I2C_Init)
    HAL_I2C_Mem_Read                         0x08000f69   Thumb Code   496  stm32f4xx_hal_i2c.o(i.HAL_I2C_Mem_Read)
    HAL_I2C_Mem_Write                        0x08001165   Thumb Code   306  stm32f4xx_hal_i2c.o(i.HAL_I2C_Mem_Write)
    HAL_I2C_MspInit                          0x080012a1   Thumb Code    64  stm32f4xx_hal_msp.o(i.HAL_I2C_MspInit)
    HAL_IncTick                              0x080012ed   Thumb Code    12  stm32f4xx_hal.o(i.HAL_IncTick)
    HAL_Init                                 0x080012fd   Thumb Code    48  stm32f4xx_hal.o(i.HAL_Init)
    HAL_InitTick                             0x08001331   Thumb Code   100  stm32f4xx_hal_timebase_tim.o(i.HAL_InitTick)
    HAL_MspInit                              0x080013a5   Thumb Code    88  stm32f4xx_hal_msp.o(i.HAL_MspInit)
    HAL_NVIC_EnableIRQ                       0x080013fd   Thumb Code    22  stm32f4xx_hal_cortex.o(i.HAL_NVIC_EnableIRQ)
    HAL_NVIC_SetPriority                     0x08001415   Thumb Code    60  stm32f4xx_hal_cortex.o(i.HAL_NVIC_SetPriority)
    HAL_NVIC_SetPriorityGrouping             0x08001455   Thumb Code    26  stm32f4xx_hal_cortex.o(i.HAL_NVIC_SetPriorityGrouping)
    HAL_RCC_ClockConfig                      0x08001479   Thumb Code   286  stm32f4xx_hal_rcc.o(i.HAL_RCC_ClockConfig)
    HAL_RCC_GetClockConfig                   0x080015a9   Thumb Code    54  stm32f4xx_hal_rcc.o(i.HAL_RCC_GetClockConfig)
    HAL_RCC_GetHCLKFreq                      0x080015e9   Thumb Code     6  stm32f4xx_hal_rcc.o(i.HAL_RCC_GetHCLKFreq)
    HAL_RCC_GetPCLK1Freq                     0x080015f5   Thumb Code    20  stm32f4xx_hal_rcc.o(i.HAL_RCC_GetPCLK1Freq)
    HAL_RCC_GetPCLK2Freq                     0x08001615   Thumb Code    20  stm32f4xx_hal_rcc.o(i.HAL_RCC_GetPCLK2Freq)
    HAL_RCC_GetSysClockFreq                  0x08001635   Thumb Code   140  stm32f4xx_hal_rcc_ex.o(i.HAL_RCC_GetSysClockFreq)
    HAL_RCC_OscConfig                        0x080016c9   Thumb Code   814  stm32f4xx_hal_rcc_ex.o(i.HAL_RCC_OscConfig)
    HAL_SYSTICK_CLKSourceConfig              0x08001a0d   Thumb Code    24  stm32f4xx_hal_cortex.o(i.HAL_SYSTICK_CLKSourceConfig)
    HAL_SYSTICK_Config                       0x08001a25   Thumb Code    40  stm32f4xx_hal_cortex.o(i.HAL_SYSTICK_Config)
    HAL_TIMEx_BreakCallback                  0x08001a4d   Thumb Code     2  stm32f4xx_hal_tim_ex.o(i.HAL_TIMEx_BreakCallback)
    HAL_TIMEx_CommutationCallback            0x08001a4f   Thumb Code     2  stm32f4xx_hal_tim_ex.o(i.HAL_TIMEx_CommutationCallback)
    HAL_TIM_Base_Init                        0x08001a51   Thumb Code    54  stm32f4xx_hal_tim.o(i.HAL_TIM_Base_Init)
    HAL_TIM_Base_MspInit                     0x08001a87   Thumb Code     2  stm32f4xx_hal_tim.o(i.HAL_TIM_Base_MspInit)
    HAL_TIM_Base_Start_IT                    0x08001a89   Thumb Code    24  stm32f4xx_hal_tim.o(i.HAL_TIM_Base_Start_IT)
    HAL_TIM_IC_CaptureCallback               0x08001aa1   Thumb Code     2  stm32f4xx_hal_tim.o(i.HAL_TIM_IC_CaptureCallback)
    HAL_TIM_IRQHandler                       0x08001aa3   Thumb Code   358  stm32f4xx_hal_tim.o(i.HAL_TIM_IRQHandler)
    HAL_TIM_OC_DelayElapsedCallback          0x08001c09   Thumb Code     2  stm32f4xx_hal_tim.o(i.HAL_TIM_OC_DelayElapsedCallback)
    HAL_TIM_PWM_PulseFinishedCallback        0x08001c0b   Thumb Code     2  stm32f4xx_hal_tim.o(i.HAL_TIM_PWM_PulseFinishedCallback)
    HAL_TIM_PeriodElapsedCallback            0x08001c0d   Thumb Code    14  main.o(i.HAL_TIM_PeriodElapsedCallback)
    HAL_TIM_TriggerCallback                  0x08001c21   Thumb Code     2  stm32f4xx_hal_tim.o(i.HAL_TIM_TriggerCallback)
    HAL_UART_ErrorCallback                   0x08001c23   Thumb Code     2  stm32f4xx_hal_uart.o(i.HAL_UART_ErrorCallback)
    HAL_UART_IRQHandler                      0x08001c25   Thumb Code   266  stm32f4xx_hal_uart.o(i.HAL_UART_IRQHandler)
    HAL_UART_Init                            0x08001d35   Thumb Code    98  stm32f4xx_hal_uart.o(i.HAL_UART_Init)
    HAL_UART_MspInit                         0x08001d99   Thumb Code   248  stm32f4xx_hal_msp.o(i.HAL_UART_MspInit)
    HAL_UART_Receive_DMA                     0x08001ecd   Thumb Code   138  stm32f4xx_hal_uart.o(i.HAL_UART_Receive_DMA)
    HAL_UART_RxCpltCallback                  0x08001f65   Thumb Code    40  main.o(i.HAL_UART_RxCpltCallback)
    HAL_UART_RxHalfCpltCallback              0x08001f95   Thumb Code     2  stm32f4xx_hal_uart.o(i.HAL_UART_RxHalfCpltCallback)
    HAL_UART_Transmit                        0x08001f97   Thumb Code   186  stm32f4xx_hal_uart.o(i.HAL_UART_Transmit)
    HAL_UART_TxCpltCallback                  0x08002051   Thumb Code     2  stm32f4xx_hal_uart.o(i.HAL_UART_TxCpltCallback)
    MQTTPacket_encode                        0x080023f5   Thumb Code    42  mqttpacket.o(i.MQTTPacket_encode)
    MQTTPacket_len                           0x08002421   Thumb Code    34  mqttpacket.o(i.MQTTPacket_len)
    MQTTSerialize_connect                    0x08002449   Thumb Code   262  mqttconnectclient.o(i.MQTTSerialize_connect)
    MQTTSerialize_connectLength              0x08002561   Thumb Code   118  mqttconnectclient.o(i.MQTTSerialize_connectLength)
    MQTTSerialize_disconnect                 0x080025d7   Thumb Code     6  mqttconnectclient.o(i.MQTTSerialize_disconnect)
    MQTTSerialize_publish                    0x080025dd   Thumb Code   134  mqttserializepublish.o(i.MQTTSerialize_publish)
    MQTTSerialize_publishLength              0x08002663   Thumb Code    30  mqttserializepublish.o(i.MQTTSerialize_publishLength)
    MQTTSerialize_zero                       0x08002681   Thumb Code    50  mqttconnectclient.o(i.MQTTSerialize_zero)
    MQTTstrlen                               0x080026b3   Thumb Code    14  mqttpacket.o(i.MQTTstrlen)
    SensorBMP280GetData                      0x08002795   Thumb Code   214  main.o(i.SensorBMP280GetData)
    SensorBMP280Initialization               0x080028d5   Thumb Code   132  main.o(i.SensorBMP280Initialization)
    SysTick_Handler                          0x0800299d   Thumb Code     4  stm32f4xx_it.o(i.SysTick_Handler)
    SystemClock_Config                       0x080029a1   Thumb Code   152  main.o(i.SystemClock_Config)
    SystemInit                               0x08002a41   Thumb Code    66  system_stm32f4xx.o(i.SystemInit)
    TIM3_IRQHandler                          0x08002a95   Thumb Code     6  stm32f4xx_it.o(i.TIM3_IRQHandler)
    TIM_Base_SetConfig                       0x08002aa1   Thumb Code   148  stm32f4xx_hal_tim.o(i.TIM_Base_SetConfig)
    USART1_IRQHandler                        0x08003031   Thumb Code     6  stm32f4xx_it.o(i.USART1_IRQHandler)
    USART2_IRQHandler                        0x0800303d   Thumb Code     6  stm32f4xx_it.o(i.USART2_IRQHandler)
    _Error_Handler                           0x08003049   Thumb Code     2  main.o(i._Error_Handler)
    __0sprintf                               0x0800304d   Thumb Code    34  printfa.o(i.__0sprintf)
    __1sprintf                               0x0800304d   Thumb Code     0  printfa.o(i.__0sprintf)
    __2sprintf                               0x0800304d   Thumb Code     0  printfa.o(i.__0sprintf)
    __c89sprintf                             0x0800304d   Thumb Code     0  printfa.o(i.__0sprintf)
    sprintf                                  0x0800304d   Thumb Code     0  printfa.o(i.__0sprintf)
    __scatterload_copy                       0x08003075   Thumb Code    14  handlers.o(i.__scatterload_copy)
    __scatterload_null                       0x08003083   Thumb Code     2  handlers.o(i.__scatterload_null)
    __scatterload_zeroinit                   0x08003085   Thumb Code    14  handlers.o(i.__scatterload_zeroinit)
    bmp280_init                              0x08003951   Thumb Code   200  bmp280.o(i.bmp280_init)
    bmp280_init_default_params               0x08003a19   Thumb Code    18  bmp280.o(i.bmp280_init_default_params)
    bmp280_read_fixed                        0x08003a2b   Thumb Code   270  bmp280.o(i.bmp280_read_fixed)
    bmp280_read_float                        0x08003b39   Thumb Code    94  bmp280.o(i.bmp280_read_float)
    espReplyClear                            0x08003d01   Thumb Code    24  main.o(i.espReplyClear)
    espReplyIsSubstring                      0x08003d21   Thumb Code   128  main.o(i.espReplyIsSubstring)
    espReplyNewData                          0x08003db5   Thumb Code    28  main.o(i.espReplyNewData)
    espReplyToUART2                          0x08003dd9   Thumb Code    34  main.o(i.espReplyToUART2)
    main                                     0x08003e0d   Thumb Code   238  main.o(i.main)
    osDelay                                  0x08003f21   Thumb Code    14  cmsis_os.o(i.osDelay)
    osKernelStart                            0x08003f2f   Thumb Code    10  cmsis_os.o(i.osKernelStart)
    osMutexCreate                            0x08003f39   Thumb Code     6  cmsis_os.o(i.osMutexCreate)
    osMutexRelease                           0x08003f41   Thumb Code    74  cmsis_os.o(i.osMutexRelease)
    osMutexWait                              0x08003f91   Thumb Code   100  cmsis_os.o(i.osMutexWait)
    osSystickHandler                         0x08003ff9   Thumb Code    20  cmsis_os.o(i.osSystickHandler)
    osThreadCreate                           0x0800400d   Thumb Code    46  cmsis_os.o(i.osThreadCreate)
    pvPortMalloc                             0x08004495   Thumb Code   210  heap_4.o(i.pvPortMalloc)
    pvTaskIncrementMutexHeldCount            0x0800456d   Thumb Code    18  tasks.o(i.pvTaskIncrementMutexHeldCount)
    pxPortInitialiseStack                    0x08004585   Thumb Code    40  port.o(i.pxPortInitialiseStack)
    sensorThread1                            0x0800473d   Thumb Code    90  main.o(i.sensorThread1)
    serverThread2                            0x080047a1   Thumb Code   628  main.o(i.serverThread2)
    strSendUART1                             0x08004b81   Thumb Code    24  main.o(i.strSendUART1)
    strSendUART2                             0x08004b9d   Thumb Code    24  main.o(i.strSendUART2)
    uxListRemove                             0x08004bb9   Thumb Code    36  list.o(i.uxListRemove)
    vListInitialise                          0x08004bdd   Thumb Code    22  list.o(i.vListInitialise)
    vListInitialiseItem                      0x08004bf3   Thumb Code     6  list.o(i.vListInitialiseItem)
    vListInsert                              0x08004bf9   Thumb Code    48  list.o(i.vListInsert)
    vListInsertEnd                           0x08004c29   Thumb Code    24  list.o(i.vListInsertEnd)
    vPortEnterCritical                       0x08004c41   Thumb Code    54  port.o(i.vPortEnterCritical)
    vPortExitCritical                        0x08004c81   Thumb Code    34  port.o(i.vPortExitCritical)
    vPortFree                                0x08004ca9   Thumb Code    88  heap_4.o(i.vPortFree)
    vPortSetupTimerInterrupt                 0x08004d05   Thumb Code    26  port.o(i.vPortSetupTimerInterrupt)
    vPortValidateInterruptPriority           0x08004d25   Thumb Code    74  port.o(i.vPortValidateInterruptPriority)
    vTaskDelay                               0x08004d79   Thumb Code    66  tasks.o(i.vTaskDelay)
    vTaskMissedYield                         0x08004dc5   Thumb Code     8  tasks.o(i.vTaskMissedYield)
    vTaskPlaceOnEventList                    0x08004dd1   Thumb Code    44  tasks.o(i.vTaskPlaceOnEventList)
    vTaskPriorityInherit                     0x08004e01   Thumb Code   124  tasks.o(i.vTaskPriorityInherit)
    vTaskSetTimeOutState                     0x08004e85   Thumb Code    30  tasks.o(i.vTaskSetTimeOutState)
    vTaskStartScheduler                      0x08004ea9   Thumb Code    86  tasks.o(i.vTaskStartScheduler)
    vTaskSuspendAll                          0x08004f11   Thumb Code    10  tasks.o(i.vTaskSuspendAll)
    vTaskSwitchContext                       0x08004f21   Thumb Code    82  tasks.o(i.vTaskSwitchContext)
    writeCString                             0x08004f7d   Thumb Code    40  mqttpacket.o(i.writeCString)
    writeChar                                0x08004fa5   Thumb Code    12  mqttpacket.o(i.writeChar)
    writeInt                                 0x08004fb1   Thumb Code    30  mqttpacket.o(i.writeInt)
    writeMQTTString                          0x08004fcf   Thumb Code    54  mqttpacket.o(i.writeMQTTString)
    xPortStartScheduler                      0x08005035   Thumb Code   202  port.o(i.xPortStartScheduler)
    xPortSysTickHandler                      0x08005115   Thumb Code    38  port.o(i.xPortSysTickHandler)
    xQueueCreateMutex                        0x08005141   Thumb Code    36  queue.o(i.xQueueCreateMutex)
    xQueueGenericCreate                      0x08005165   Thumb Code    72  queue.o(i.xQueueGenericCreate)
    xQueueGenericReceive                     0x080051ad   Thumb Code   360  queue.o(i.xQueueGenericReceive)
    xQueueGenericReset                       0x08005319   Thumb Code   132  queue.o(i.xQueueGenericReset)
    xQueueGenericSend                        0x080053a1   Thumb Code   346  queue.o(i.xQueueGenericSend)
    xQueueGiveFromISR                        0x08005501   Thumb Code   156  queue.o(i.xQueueGiveFromISR)
    xQueueReceiveFromISR                     0x0800559d   Thumb Code   154  queue.o(i.xQueueReceiveFromISR)
    xTaskCheckForTimeOut                     0x08005639   Thumb Code   102  tasks.o(i.xTaskCheckForTimeOut)
    xTaskCreate                              0x080056a5   Thumb Code    86  tasks.o(i.xTaskCreate)
    xTaskGetSchedulerState                   0x080056fd   Thumb Code    22  tasks.o(i.xTaskGetSchedulerState)
    xTaskIncrementTick                       0x08005719   Thumb Code   192  tasks.o(i.xTaskIncrementTick)
    xTaskPriorityDisinherit                  0x080057e1   Thumb Code   144  tasks.o(i.xTaskPriorityDisinherit)
    xTaskRemoveFromEventList                 0x08005879   Thumb Code   108  tasks.o(i.xTaskRemoveFromEventList)
    xTaskResumeAll                           0x080058ed   Thumb Code   182  tasks.o(i.xTaskResumeAll)
    AHBPrescTable                            0x080059b0   Data          16  system_stm32f4xx.o(.constdata)
    APBPrescTable                            0x080059c0   Data           8  system_stm32f4xx.o(.constdata)
    Region$$Table$$Base                      0x08005ab8   Number         0  anon$$obj.o(Region$$Table)
    Region$$Table$$Limit                     0x08005ad8   Number         0  anon$$obj.o(Region$$Table)
    SystemCoreClock                          0x20000000   Data           4  system_stm32f4xx.o(.data)
    myDataRX2                                0x20000004   Data           1  main.o(.data)
    myDataRX1                                0x20000005   Data           1  main.o(.data)
    espCount                                 0x20000006   Data           2  main.o(.data)
    size                                     0x20000008   Data           2  main.o(.data)
    defaultTaskHandle                        0x2000000c   Data           4  main.o(.data)
    myTask02Handle                           0x20000010   Data           4  main.o(.data)
    dataMutex01Handle                        0x20000014   Data           4  main.o(.data)
    uart2Mutex02Handle                       0x20000018   Data           4  main.o(.data)
    pressure                                 0x2000001c   Data           4  main.o(.data)
    temperature                              0x20000020   Data           4  main.o(.data)
    humidity                                 0x20000024   Data           4  main.o(.data)
    uwTickFreq                               0x20000028   Data           1  stm32f4xx_hal.o(.data)
    uwTickPrio                               0x2000002c   Data           4  stm32f4xx_hal.o(.data)
    uwTick                                   0x20000030   Data           4  stm32f4xx_hal.o(.data)
    pxCurrentTCB                             0x20000034   Data           4  tasks.o(.data)
    htim3                                    0x20000094   Data          60  stm32f4xx_hal_timebase_tim.o(.bss)
    hi2c1                                    0x200000d0   Data          84  main.o(.bss)
    huart1                                   0x20000124   Data          64  main.o(.bss)
    huart2                                   0x20000164   Data          64  main.o(.bss)
    bmp280                                   0x200001a4   Data          52  main.o(.bss)
    Data                                     0x200001d8   Data         256  main.o(.bss)
    AT_SSID_CON_                             0x200002d8   Data         100  main.o(.bss)
    espReply                                 0x2000033c   Data        1000  main.o(.bss)
    hdma_usart1_rx                           0x20000724   Data          96  main.o(.bss)
    hdma_usart2_rx                           0x20000784   Data          96  main.o(.bss)
    __initial_sp                             0x200048d8   Data           0  startup_stm32f446xx.o(STACK)



==============================================================================

Memory Map of the image

  Image Entry point : 0x080001c5

  Load Region LR_IROM1 (Base: 0x08000000, Size: 0x00005b6c, Max: 0x00080000, ABSOLUTE)

    Execution Region ER_IROM1 (Exec base: 0x08000000, Load base: 0x08000000, Size: 0x00005ad8, Max: 0x00080000, ABSOLUTE)

    Exec Addr    Load Addr    Size         Type   Attr      Idx    E Section Name        Object

    0x08000000   0x08000000   0x000001c4   Data   RO            3    RESET               startup_stm32f446xx.o
    0x080001c4   0x080001c4   0x00000000   Code   RO         4860  * .ARM.Collect$$$$00000000  mc_w.l(entry.o)
    0x080001c4   0x080001c4   0x00000004   Code   RO         5168    .ARM.Collect$$$$00000001  mc_w.l(entry2.o)
    0x080001c8   0x080001c8   0x00000004   Code   RO         5171    .ARM.Collect$$$$00000004  mc_w.l(entry5.o)
    0x080001cc   0x080001cc   0x00000000   Code   RO         5173    .ARM.Collect$$$$00000008  mc_w.l(entry7b.o)
    0x080001cc   0x080001cc   0x00000000   Code   RO         5175    .ARM.Collect$$$$0000000A  mc_w.l(entry8b.o)
    0x080001cc   0x080001cc   0x00000008   Code   RO         5176    .ARM.Collect$$$$0000000B  mc_w.l(entry9a.o)
    0x080001d4   0x080001d4   0x00000000   Code   RO         5178    .ARM.Collect$$$$0000000D  mc_w.l(entry10a.o)
    0x080001d4   0x080001d4   0x00000000   Code   RO         5180    .ARM.Collect$$$$0000000F  mc_w.l(entry11a.o)
    0x080001d4   0x080001d4   0x00000004   Code   RO         5169    .ARM.Collect$$$$00002712  mc_w.l(entry2.o)
    0x080001d8   0x080001d8   0x000000ba   Code   RO         4472    .emb_text           port.o
    0x08000292   0x08000292   0x00000002   PAD
    0x08000294   0x08000294   0x00000024   Code   RO            4    .text               startup_stm32f446xx.o
    0x080002b8   0x080002b8   0x00000062   Code   RO         4863    .text               mc_w.l(uldiv.o)
    0x0800031a   0x0800031a   0x00000062   Code   RO         4865    .text               mc_w.l(ldiv.o)
    0x0800037c   0x0800037c   0x00000024   Code   RO         4867    .text               mc_w.l(memcpya.o)
    0x080003a0   0x080003a0   0x0000000e   Code   RO         4869    .text               mc_w.l(strlen.o)
    0x080003ae   0x080003ae   0x00000026   Code   RO         5166    .text               mf_w.l(f2d.o)
    0x080003d4   0x080003d4   0x0000002c   Code   RO         5185    .text               mc_w.l(uidiv.o)
    0x08000400   0x08000400   0x0000001e   Code   RO         5187    .text               mc_w.l(llshl.o)
    0x0800041e   0x0800041e   0x00000020   Code   RO         5189    .text               mc_w.l(llushr.o)
    0x0800043e   0x0800043e   0x00000000   Code   RO         5193    .text               mc_w.l(iusefp.o)
    0x0800043e   0x0800043e   0x0000014e   Code   RO         5194    .text               mf_w.l(dadd.o)
    0x0800058c   0x0800058c   0x000000e4   Code   RO         5196    .text               mf_w.l(dmul.o)
    0x08000670   0x08000670   0x000000de   Code   RO         5198    .text               mf_w.l(ddiv.o)
    0x0800074e   0x0800074e   0x00000030   Code   RO         5200    .text               mf_w.l(dfixul.o)
    0x0800077e   0x0800077e   0x00000002   PAD
    0x08000780   0x08000780   0x00000030   Code   RO         5202    .text               mf_w.l(cdrcmple.o)
    0x080007b0   0x080007b0   0x00000024   Code   RO         5204    .text               mc_w.l(init.o)
    0x080007d4   0x080007d4   0x00000024   Code   RO         5207    .text               mc_w.l(llsshr.o)
    0x080007f8   0x080007f8   0x000000ba   Code   RO         5210    .text               mf_w.l(depilogue.o)
    0x080008b2   0x080008b2   0x00000002   PAD
    0x080008b4   0x080008b4   0x0000000c   Code   RO          410    i.DMA1_Stream5_IRQHandler  stm32f4xx_it.o
    0x080008c0   0x080008c0   0x0000000c   Code   RO          411    i.DMA2_Stream2_IRQHandler  stm32f4xx_it.o
    0x080008cc   0x080008cc   0x00000028   Code   RO         1017    i.DMA_CalcBaseAndBitshift  stm32f4xx_hal_dma.o
    0x080008f4   0x080008f4   0x00000054   Code   RO         1018    i.DMA_CheckFifoParam  stm32f4xx_hal_dma.o
    0x08000948   0x08000948   0x00000028   Code   RO         1019    i.DMA_SetConfig     stm32f4xx_hal_dma.o
    0x08000970   0x08000970   0x00000024   Code   RO         1021    i.HAL_DMA_Abort_IT  stm32f4xx_hal_dma.o
    0x08000994   0x08000994   0x000001a0   Code   RO         1025    i.HAL_DMA_IRQHandler  stm32f4xx_hal_dma.o
    0x08000b34   0x08000b34   0x000000d4   Code   RO         1026    i.HAL_DMA_Init      stm32f4xx_hal_dma.o
    0x08000c08   0x08000c08   0x00000078   Code   RO         1030    i.HAL_DMA_Start_IT  stm32f4xx_hal_dma.o
    0x08000c80   0x08000c80   0x00000024   Code   RO         2176    i.HAL_Delay         stm32f4xx_hal.o
    0x08000ca4   0x08000ca4   0x000001a4   Code   RO         1851    i.HAL_GPIO_Init     stm32f4xx_hal_gpio.o
    0x08000e48   0x08000e48   0x0000000a   Code   RO         1855    i.HAL_GPIO_WritePin  stm32f4xx_hal_gpio.o
    0x08000e52   0x08000e52   0x00000002   PAD
    0x08000e54   0x08000e54   0x0000000c   Code   RO         2182    i.HAL_GetTick       stm32f4xx_hal.o
    0x08000e60   0x08000e60   0x00000108   Code   RO         2381    i.HAL_I2C_Init      stm32f4xx_hal_i2c.o
    0x08000f68   0x08000f68   0x000001fc   Code   RO         2397    i.HAL_I2C_Mem_Read  stm32f4xx_hal_i2c.o
    0x08001164   0x08001164   0x0000013c   Code   RO         2400    i.HAL_I2C_Mem_Write  stm32f4xx_hal_i2c.o
    0x080012a0   0x080012a0   0x0000004c   Code   RO          469    i.HAL_I2C_MspInit   stm32f4xx_hal_msp.o
    0x080012ec   0x080012ec   0x00000010   Code   RO         2186    i.HAL_IncTick       stm32f4xx_hal.o
    0x080012fc   0x080012fc   0x00000034   Code   RO         2187    i.HAL_Init          stm32f4xx_hal.o
    0x08001330   0x08001330   0x00000074   Code   RO          147    i.HAL_InitTick      stm32f4xx_hal_timebase_tim.o
    0x080013a4   0x080013a4   0x00000058   Code   RO          470    i.HAL_MspInit       stm32f4xx_hal_msp.o
    0x080013fc   0x080013fc   0x00000016   Code   RO         2039    i.HAL_NVIC_EnableIRQ  stm32f4xx_hal_cortex.o
    0x08001412   0x08001412   0x00000002   PAD
    0x08001414   0x08001414   0x00000040   Code   RO         2045    i.HAL_NVIC_SetPriority  stm32f4xx_hal_cortex.o
    0x08001454   0x08001454   0x00000024   Code   RO         2046    i.HAL_NVIC_SetPriorityGrouping  stm32f4xx_hal_cortex.o
    0x08001478   0x08001478   0x00000130   Code   RO         2853    i.HAL_RCC_ClockConfig  stm32f4xx_hal_rcc.o
    0x080015a8   0x080015a8   0x00000040   Code   RO         2857    i.HAL_RCC_GetClockConfig  stm32f4xx_hal_rcc.o
    0x080015e8   0x080015e8   0x0000000c   Code   RO         2858    i.HAL_RCC_GetHCLKFreq  stm32f4xx_hal_rcc.o
    0x080015f4   0x080015f4   0x00000020   Code   RO         2860    i.HAL_RCC_GetPCLK1Freq  stm32f4xx_hal_rcc.o
    0x08001614   0x08001614   0x00000020   Code   RO         2861    i.HAL_RCC_GetPCLK2Freq  stm32f4xx_hal_rcc.o
    0x08001634   0x08001634   0x00000094   Code   RO         3636    i.HAL_RCC_GetSysClockFreq  stm32f4xx_hal_rcc_ex.o
    0x080016c8   0x080016c8   0x00000344   Code   RO         3637    i.HAL_RCC_OscConfig  stm32f4xx_hal_rcc_ex.o
    0x08001a0c   0x08001a0c   0x00000018   Code   RO         2048    i.HAL_SYSTICK_CLKSourceConfig  stm32f4xx_hal_cortex.o
    0x08001a24   0x08001a24   0x00000028   Code   RO         2050    i.HAL_SYSTICK_Config  stm32f4xx_hal_cortex.o
    0x08001a4c   0x08001a4c   0x00000002   Code   RO         1123    i.HAL_TIMEx_BreakCallback  stm32f4xx_hal_tim_ex.o
    0x08001a4e   0x08001a4e   0x00000002   Code   RO         1124    i.HAL_TIMEx_CommutationCallback  stm32f4xx_hal_tim_ex.o
    0x08001a50   0x08001a50   0x00000036   Code   RO         2956    i.HAL_TIM_Base_Init  stm32f4xx_hal_tim.o
    0x08001a86   0x08001a86   0x00000002   Code   RO         2958    i.HAL_TIM_Base_MspInit  stm32f4xx_hal_tim.o
    0x08001a88   0x08001a88   0x00000018   Code   RO         2961    i.HAL_TIM_Base_Start_IT  stm32f4xx_hal_tim.o
    0x08001aa0   0x08001aa0   0x00000002   Code   RO         2985    i.HAL_TIM_IC_CaptureCallback  stm32f4xx_hal_tim.o
    0x08001aa2   0x08001aa2   0x00000166   Code   RO         2998    i.HAL_TIM_IRQHandler  stm32f4xx_hal_tim.o
    0x08001c08   0x08001c08   0x00000002   Code   RO         3001    i.HAL_TIM_OC_DelayElapsedCallback  stm32f4xx_hal_tim.o
    0x08001c0a   0x08001c0a   0x00000002   Code   RO         3028    i.HAL_TIM_PWM_PulseFinishedCallback  stm32f4xx_hal_tim.o
    0x08001c0c   0x08001c0c   0x00000014   Code   RO          191    i.HAL_TIM_PeriodElapsedCallback  main.o
    0x08001c20   0x08001c20   0x00000002   Code   RO         3039    i.HAL_TIM_TriggerCallback  stm32f4xx_hal_tim.o
    0x08001c22   0x08001c22   0x00000002   Code   RO         1425    i.HAL_UART_ErrorCallback  stm32f4xx_hal_uart.o
    0x08001c24   0x08001c24   0x00000110   Code   RO         1428    i.HAL_UART_IRQHandler  stm32f4xx_hal_uart.o
    0x08001d34   0x08001d34   0x00000062   Code   RO         1429    i.HAL_UART_Init     stm32f4xx_hal_uart.o
    0x08001d96   0x08001d96   0x00000002   PAD
    0x08001d98   0x08001d98   0x00000134   Code   RO          472    i.HAL_UART_MspInit  stm32f4xx_hal_msp.o
    0x08001ecc   0x08001ecc   0x00000098   Code   RO         1433    i.HAL_UART_Receive_DMA  stm32f4xx_hal_uart.o
    0x08001f64   0x08001f64   0x00000030   Code   RO          192    i.HAL_UART_RxCpltCallback  main.o
    0x08001f94   0x08001f94   0x00000002   Code   RO         1436    i.HAL_UART_RxHalfCpltCallback  stm32f4xx_hal_uart.o
    0x08001f96   0x08001f96   0x000000ba   Code   RO         1437    i.HAL_UART_Transmit  stm32f4xx_hal_uart.o
    0x08002050   0x08002050   0x00000002   Code   RO         1440    i.HAL_UART_TxCpltCallback  stm32f4xx_hal_uart.o
    0x08002052   0x08002052   0x00000028   Code   RO         2419    i.I2C_IsAcknowledgeFailed  stm32f4xx_hal_i2c.o
    0x0800207a   0x0800207a   0x000000f0   Code   RO         2428    i.I2C_RequestMemoryRead  stm32f4xx_hal_i2c.o
    0x0800216a   0x0800216a   0x00000002   PAD
    0x0800216c   0x0800216c   0x000000a0   Code   RO         2429    i.I2C_RequestMemoryWrite  stm32f4xx_hal_i2c.o
    0x0800220c   0x0800220c   0x0000004e   Code   RO         2432    i.I2C_WaitOnBTFFlagUntilTimeout  stm32f4xx_hal_i2c.o
    0x0800225a   0x0800225a   0x00000060   Code   RO         2433    i.I2C_WaitOnFlagUntilTimeout  stm32f4xx_hal_i2c.o
    0x080022ba   0x080022ba   0x00000002   PAD
    0x080022bc   0x080022bc   0x00000088   Code   RO         2434    i.I2C_WaitOnMasterAddressFlagUntilTimeout  stm32f4xx_hal_i2c.o
    0x08002344   0x08002344   0x00000062   Code   RO         2435    i.I2C_WaitOnRXNEFlagUntilTimeout  stm32f4xx_hal_i2c.o
    0x080023a6   0x080023a6   0x0000004e   Code   RO         2436    i.I2C_WaitOnTXEFlagUntilTimeout  stm32f4xx_hal_i2c.o
    0x080023f4   0x080023f4   0x0000002a   Code   RO          782    i.MQTTPacket_encode  mqttpacket.o
    0x0800241e   0x0800241e   0x00000002   PAD
    0x08002420   0x08002420   0x00000028   Code   RO          784    i.MQTTPacket_len    mqttpacket.o
    0x08002448   0x08002448   0x00000118   Code   RO          618    i.MQTTSerialize_connect  mqttconnectclient.o
    0x08002560   0x08002560   0x00000076   Code   RO          619    i.MQTTSerialize_connectLength  mqttconnectclient.o
    0x080025d6   0x080025d6   0x00000006   Code   RO          620    i.MQTTSerialize_disconnect  mqttconnectclient.o
    0x080025dc   0x080025dc   0x00000086   Code   RO          891    i.MQTTSerialize_publish  mqttserializepublish.o
    0x08002662   0x08002662   0x0000001e   Code   RO          892    i.MQTTSerialize_publishLength  mqttserializepublish.o
    0x08002680   0x08002680   0x00000032   Code   RO          622    i.MQTTSerialize_zero  mqttconnectclient.o
    0x080026b2   0x080026b2   0x0000000e   Code   RO          787    i.MQTTstrlen        mqttpacket.o
    0x080026c0   0x080026c0   0x0000007c   Code   RO          193    i.MX_GPIO_Init      main.o
    0x0800273c   0x0800273c   0x00000038   Code   RO          194    i.MX_I2C1_Init      main.o
    0x08002774   0x08002774   0x00000020   Code   RO         2052    i.NVIC_SetPriority  stm32f4xx_hal_cortex.o
    0x08002794   0x08002794   0x00000140   Code   RO          195    i.SensorBMP280GetData  main.o
    0x080028d4   0x080028d4   0x000000c8   Code   RO          196    i.SensorBMP280Initialization  main.o
    0x0800299c   0x0800299c   0x00000004   Code   RO          412    i.SysTick_Handler   stm32f4xx_it.o
    0x080029a0   0x080029a0   0x000000a0   Code   RO          197    i.SystemClock_Config  main.o
    0x08002a40   0x08002a40   0x00000054   Code   RO           14    i.SystemInit        system_stm32f4xx.o
    0x08002a94   0x08002a94   0x0000000c   Code   RO          413    i.TIM3_IRQHandler   stm32f4xx_it.o
    0x08002aa0   0x08002aa0   0x000000c0   Code   RO         3040    i.TIM_Base_SetConfig  stm32f4xx_hal_tim.o
    0x08002b60   0x08002b60   0x00000010   Code   RO         1442    i.UART_DMAAbortOnError  stm32f4xx_hal_uart.o
    0x08002b70   0x08002b70   0x0000004a   Code   RO         1443    i.UART_DMAError     stm32f4xx_hal_uart.o
    0x08002bba   0x08002bba   0x0000003c   Code   RO         1444    i.UART_DMAReceiveCplt  stm32f4xx_hal_uart.o
    0x08002bf6   0x08002bf6   0x0000000a   Code   RO         1446    i.UART_DMARxHalfCplt  stm32f4xx_hal_uart.o
    0x08002c00   0x08002c00   0x0000001c   Code   RO         1452    i.UART_EndRxTransfer  stm32f4xx_hal_uart.o
    0x08002c1c   0x08002c1c   0x00000012   Code   RO         1453    i.UART_EndTxTransfer  stm32f4xx_hal_uart.o
    0x08002c2e   0x08002c2e   0x0000008c   Code   RO         1454    i.UART_Receive_IT   stm32f4xx_hal_uart.o
    0x08002cba   0x08002cba   0x00000002   PAD
    0x08002cbc   0x08002cbc   0x000002ac   Code   RO         1455    i.UART_SetConfig    stm32f4xx_hal_uart.o
    0x08002f68   0x08002f68   0x00000062   Code   RO         1456    i.UART_Transmit_IT  stm32f4xx_hal_uart.o
    0x08002fca   0x08002fca   0x00000064   Code   RO         1457    i.UART_WaitOnFlagUntilTimeout  stm32f4xx_hal_uart.o
    0x0800302e   0x0800302e   0x00000002   PAD
    0x08003030   0x08003030   0x0000000c   Code   RO          414    i.USART1_IRQHandler  stm32f4xx_it.o
    0x0800303c   0x0800303c   0x0000000c   Code   RO          415    i.USART2_IRQHandler  stm32f4xx_it.o
    0x08003048   0x08003048   0x00000002   Code   RO          198    i._Error_Handler    main.o
    0x0800304a   0x0800304a   0x00000002   PAD
    0x0800304c   0x0800304c   0x00000028   Code   RO         5112    i.__0sprintf        mc_w.l(printfa.o)
    0x08003074   0x08003074   0x0000000e   Code   RO         5214    i.__scatterload_copy  mc_w.l(handlers.o)
    0x08003082   0x08003082   0x00000002   Code   RO         5215    i.__scatterload_null  mc_w.l(handlers.o)
    0x08003084   0x08003084   0x0000000e   Code   RO         5216    i.__scatterload_zeroinit  mc_w.l(handlers.o)
    0x08003092   0x08003092   0x00000002   PAD
    0x08003094   0x08003094   0x00000184   Code   RO         5117    i._fp_digits        mc_w.l(printfa.o)
    0x08003218   0x08003218   0x000006dc   Code   RO         5118    i._printf_core      mc_w.l(printfa.o)
    0x080038f4   0x080038f4   0x00000024   Code   RO         5119    i._printf_post_padding  mc_w.l(printfa.o)
    0x08003918   0x08003918   0x0000002e   Code   RO         5120    i._printf_pre_padding  mc_w.l(printfa.o)
    0x08003946   0x08003946   0x0000000a   Code   RO         5122    i._sputc            mc_w.l(printfa.o)
    0x08003950   0x08003950   0x000000c8   Code   RO          534    i.bmp280_init       bmp280.o
    0x08003a18   0x08003a18   0x00000012   Code   RO          535    i.bmp280_init_default_params  bmp280.o
    0x08003a2a   0x08003a2a   0x0000010e   Code   RO          537    i.bmp280_read_fixed  bmp280.o
    0x08003b38   0x08003b38   0x0000006c   Code   RO          538    i.bmp280_read_float  bmp280.o
    0x08003ba4   0x08003ba4   0x0000015c   Code   RO          539    i.compensate_pressure  bmp280.o
    0x08003d00   0x08003d00   0x00000020   Code   RO          199    i.espReplyClear     main.o
    0x08003d20   0x08003d20   0x00000094   Code   RO          200    i.espReplyIsSubstring  main.o
    0x08003db4   0x08003db4   0x00000024   Code   RO          201    i.espReplyNewData   main.o
    0x08003dd8   0x08003dd8   0x00000028   Code   RO          202    i.espReplyToUART2   main.o
    0x08003e00   0x08003e00   0x0000000c   Code   RO         4097    i.inHandlerMode     cmsis_os.o
    0x08003e0c   0x08003e0c   0x00000108   Code   RO          203    i.main              main.o
    0x08003f14   0x08003f14   0x0000000c   Code   RO         4099    i.makeFreeRtosPriority  cmsis_os.o
    0x08003f20   0x08003f20   0x0000000e   Code   RO         4101    i.osDelay           cmsis_os.o
    0x08003f2e   0x08003f2e   0x0000000a   Code   RO         4104    i.osKernelStart     cmsis_os.o
    0x08003f38   0x08003f38   0x00000006   Code   RO         4119    i.osMutexCreate     cmsis_os.o
    0x08003f3e   0x08003f3e   0x00000002   PAD
    0x08003f40   0x08003f40   0x00000050   Code   RO         4121    i.osMutexRelease    cmsis_os.o
    0x08003f90   0x08003f90   0x00000068   Code   RO         4122    i.osMutexWait       cmsis_os.o
    0x08003ff8   0x08003ff8   0x00000014   Code   RO         4137    i.osSystickHandler  cmsis_os.o
    0x0800400c   0x0800400c   0x0000002e   Code   RO         4138    i.osThreadCreate    cmsis_os.o
    0x0800403a   0x0800403a   0x00000002   PAD
    0x0800403c   0x0800403c   0x00000070   Code   RO         3786    i.prvAddCurrentTaskToDelayedList  tasks.o
    0x080040ac   0x080040ac   0x000000d0   Code   RO         3787    i.prvAddNewTaskToReadyList  tasks.o
    0x0800417c   0x0800417c   0x00000050   Code   RO         3788    i.prvCheckTasksWaitingTermination  tasks.o
    0x080041cc   0x080041cc   0x00000026   Code   RO         4618    i.prvCopyDataFromQueue  queue.o
    0x080041f2   0x080041f2   0x0000006c   Code   RO         4619    i.prvCopyDataToQueue  queue.o
    0x0800425e   0x0800425e   0x00000014   Code   RO         3789    i.prvDeleteTCB      tasks.o
    0x08004272   0x08004272   0x00000002   PAD
    0x08004274   0x08004274   0x0000004c   Code   RO         4754    i.prvHeapInit       heap_4.o
    0x080042c0   0x080042c0   0x00000028   Code   RO         3790    i.prvIdleTask       tasks.o
    0x080042e8   0x080042e8   0x0000008e   Code   RO         3791    i.prvInitialiseNewTask  tasks.o
    0x08004376   0x08004376   0x00000002   PAD
    0x08004378   0x08004378   0x0000004c   Code   RO         4755    i.prvInsertBlockIntoFreeList  heap_4.o
    0x080043c4   0x080043c4   0x0000001c   Code   RO         4620    i.prvIsQueueEmpty   queue.o
    0x080043e0   0x080043e0   0x00000020   Code   RO         3792    i.prvResetNextTaskUnblockTime  tasks.o
    0x08004400   0x08004400   0x00000028   Code   RO         4473    i.prvTaskExitError  port.o
    0x08004428   0x08004428   0x0000006a   Code   RO         4621    i.prvUnlockQueue    queue.o
    0x08004492   0x08004492   0x00000002   PAD
    0x08004494   0x08004494   0x000000d8   Code   RO         4756    i.pvPortMalloc      heap_4.o
    0x0800456c   0x0800456c   0x00000018   Code   RO         3794    i.pvTaskIncrementMutexHeldCount  tasks.o
    0x08004584   0x08004584   0x0000002c   Code   RO         4474    i.pxPortInitialiseStack  port.o
    0x080045b0   0x080045b0   0x000000b0   Code   RO          540    i.read_calibration_data  bmp280.o
    0x08004660   0x08004660   0x0000002a   Code   RO          541    i.read_data         bmp280.o
    0x0800468a   0x0800468a   0x00000078   Code   RO          542    i.read_hum_calibration_data  bmp280.o
    0x08004702   0x08004702   0x00000038   Code   RO          543    i.read_register16   bmp280.o
    0x0800473a   0x0800473a   0x00000002   PAD
    0x0800473c   0x0800473c   0x00000064   Code   RO          206    i.sensorThread1     main.o
    0x080047a0   0x080047a0   0x000003e0   Code   RO          207    i.serverThread2     main.o
    0x08004b80   0x08004b80   0x0000001c   Code   RO          208    i.strSendUART1      main.o
    0x08004b9c   0x08004b9c   0x0000001c   Code   RO          209    i.strSendUART2      main.o
    0x08004bb8   0x08004bb8   0x00000024   Code   RO         4824    i.uxListRemove      list.o
    0x08004bdc   0x08004bdc   0x00000016   Code   RO         4825    i.vListInitialise   list.o
    0x08004bf2   0x08004bf2   0x00000006   Code   RO         4826    i.vListInitialiseItem  list.o
    0x08004bf8   0x08004bf8   0x00000030   Code   RO         4827    i.vListInsert       list.o
    0x08004c28   0x08004c28   0x00000018   Code   RO         4828    i.vListInsertEnd    list.o
    0x08004c40   0x08004c40   0x00000040   Code   RO         4476    i.vPortEnterCritical  port.o
    0x08004c80   0x08004c80   0x00000028   Code   RO         4477    i.vPortExitCritical  port.o
    0x08004ca8   0x08004ca8   0x0000005c   Code   RO         4757    i.vPortFree         heap_4.o
    0x08004d04   0x08004d04   0x00000020   Code   RO         4478    i.vPortSetupTimerInterrupt  port.o
    0x08004d24   0x08004d24   0x00000054   Code   RO         4479    i.vPortValidateInterruptPriority  port.o
    0x08004d78   0x08004d78   0x0000004c   Code   RO         3800    i.vTaskDelay        tasks.o
    0x08004dc4   0x08004dc4   0x0000000c   Code   RO         3803    i.vTaskMissedYield  tasks.o
    0x08004dd0   0x08004dd0   0x00000030   Code   RO         3805    i.vTaskPlaceOnEventList  tasks.o
    0x08004e00   0x08004e00   0x00000084   Code   RO         3807    i.vTaskPriorityInherit  tasks.o
    0x08004e84   0x08004e84   0x00000024   Code   RO         3810    i.vTaskSetTimeOutState  tasks.o
    0x08004ea8   0x08004ea8   0x00000068   Code   RO         3811    i.vTaskStartScheduler  tasks.o
    0x08004f10   0x08004f10   0x00000010   Code   RO         3813    i.vTaskSuspendAll   tasks.o
    0x08004f20   0x08004f20   0x0000005c   Code   RO         3814    i.vTaskSwitchContext  tasks.o
    0x08004f7c   0x08004f7c   0x00000028   Code   RO          793    i.writeCString      mqttpacket.o
    0x08004fa4   0x08004fa4   0x0000000c   Code   RO          794    i.writeChar         mqttpacket.o
    0x08004fb0   0x08004fb0   0x0000001e   Code   RO          795    i.writeInt          mqttpacket.o
    0x08004fce   0x08004fce   0x00000036   Code   RO          796    i.writeMQTTString   mqttpacket.o
    0x08005004   0x08005004   0x0000002e   Code   RO          544    i.write_register8   bmp280.o
    0x08005032   0x08005032   0x00000002   PAD
    0x08005034   0x08005034   0x000000e0   Code   RO         4480    i.xPortStartScheduler  port.o
    0x08005114   0x08005114   0x0000002c   Code   RO         4481    i.xPortSysTickHandler  port.o
    0x08005140   0x08005140   0x00000024   Code   RO         4628    i.xQueueCreateMutex  queue.o
    0x08005164   0x08005164   0x00000048   Code   RO         4629    i.xQueueGenericCreate  queue.o
    0x080051ac   0x080051ac   0x0000016c   Code   RO         4630    i.xQueueGenericReceive  queue.o
    0x08005318   0x08005318   0x00000088   Code   RO         4631    i.xQueueGenericReset  queue.o
    0x080053a0   0x080053a0   0x00000160   Code   RO         4632    i.xQueueGenericSend  queue.o
    0x08005500   0x08005500   0x0000009c   Code   RO         4634    i.xQueueGiveFromISR  queue.o
    0x0800559c   0x0800559c   0x0000009a   Code   RO         4638    i.xQueueReceiveFromISR  queue.o
    0x08005636   0x08005636   0x00000002   PAD
    0x08005638   0x08005638   0x0000006c   Code   RO         3815    i.xTaskCheckForTimeOut  tasks.o
    0x080056a4   0x080056a4   0x00000056   Code   RO         3816    i.xTaskCreate       tasks.o
    0x080056fa   0x080056fa   0x00000002   PAD
    0x080056fc   0x080056fc   0x0000001c   Code   RO         3820    i.xTaskGetSchedulerState  tasks.o
    0x08005718   0x08005718   0x000000c8   Code   RO         3823    i.xTaskIncrementTick  tasks.o
    0x080057e0   0x080057e0   0x00000098   Code   RO         3826    i.xTaskPriorityDisinherit  tasks.o
    0x08005878   0x08005878   0x00000074   Code   RO         3827    i.xTaskRemoveFromEventList  tasks.o
    0x080058ec   0x080058ec   0x000000c4   Code   RO         3829    i.xTaskResumeAll    tasks.o
    0x080059b0   0x080059b0   0x00000010   Data   RO           15    .constdata          system_stm32f4xx.o
    0x080059c0   0x080059c0   0x00000008   Data   RO           16    .constdata          system_stm32f4xx.o
    0x080059c8   0x080059c8   0x00000080   Data   RO          215    .constdata          main.o
    0x08005a48   0x08005a48   0x00000008   Data   RO         1032    .constdata          stm32f4xx_hal_dma.o
    0x08005a50   0x08005a50   0x00000068   Data   RO          216    .conststring        main.o
    0x08005ab8   0x08005ab8   0x00000020   Data   RO         5212    Region$$Table       anon$$obj.o


    Execution Region RW_IRAM1 (Exec base: 0x20000000, Load base: 0x08005ad8, Size: 0x000048d8, Max: 0x00020000, ABSOLUTE)

    Exec Addr    Load Addr    Size         Type   Attr      Idx    E Section Name        Object

    0x20000000   0x08005ad8   0x00000004   Data   RW           17    .data               system_stm32f4xx.o
    0x20000004   0x08005adc   0x00000024   Data   RW          217    .data               main.o
    0x20000028   0x08005b00   0x0000000c   Data   RW         2194    .data               stm32f4xx_hal.o
    0x20000034   0x08005b0c   0x0000003c   Data   RW         3832    .data               tasks.o
    0x20000070   0x08005b48   0x0000000c   Data   RW         4482    .data               port.o
    0x2000007c   0x08005b54   0x00000018   Data   RW         4762    .data               heap_4.o
    0x20000094        -       0x0000003c   Zero   RW          150    .bss                stm32f4xx_hal_timebase_tim.o
    0x200000d0        -       0x00000654   Zero   RW          211    .bss                main.o
    0x20000724        -       0x00000060   Zero   RW          212    .bss                main.o
    0x20000784        -       0x00000060   Zero   RW          213    .bss                main.o
    0x200007e4        -       0x000000f0   Zero   RW         3831    .bss                tasks.o
    0x200008d4        -       0x00003c00   Zero   RW         4761    .bss                heap_4.o
    0x200044d4   0x08005b6c   0x00000004   PAD
    0x200044d8        -       0x00000400   Zero   RW            1    STACK               startup_stm32f446xx.o


==============================================================================

Image component sizes


      Code (inc. data)   RO Data    RW Data    ZI Data      Debug   Object Name

      1384         20          0          0          0      10135   bmp280.o
       304         10          0          0          0      17519   cmsis_os.o
       460         24          0         24      15360       7279   heap_4.o
       136          0          0          0          0       3494   list.o
      2598        672        232         36       1812      38672   main.o
       454         18          0          0          0       6250   mqttconnectclient.o
       232          6          0          0          0       5080   mqttpacket.o
       164          0          0          0          0       2362   mqttserializepublish.o
       758         84          0         12          0      11801   port.o
      1550         14          0          0          0      14257   queue.o
        36          8        452          0       1024        828   startup_stm32f446xx.o
       116         18          0         12          0       3838   stm32f4xx_hal.o
       218         14          0          0          0      30981   stm32f4xx_hal_cortex.o
       948         16          8          0          0       6402   stm32f4xx_hal_dma.o
       430         42          0          0          0       2392   stm32f4xx_hal_gpio.o
      2014         36          0          0          0      12846   stm32f4xx_hal_i2c.o
       472         72          0          0          0       2435   stm32f4xx_hal_msp.o
       444         58          0          0          0       3979   stm32f4xx_hal_rcc.o
       984         30          0          0          0       2690   stm32f4xx_hal_rcc_ex.o
       638         44          0          0          0       6962   stm32f4xx_hal_tim.o
         4          0          0          0          0       1586   stm32f4xx_hal_tim_ex.o
       116         16          0          0         60       1428   stm32f4xx_hal_timebase_tim.o
      1942         28          0          0          0      12666   stm32f4xx_hal_uart.o
        64         30          0          0          0       2712   stm32f4xx_it.o
        84         18         24          4          0     708663   system_stm32f4xx.o
      2060        172          0         60        240      31685   tasks.o

    ----------------------------------------------------------------------
     18648       1450        748        148      18500     948942   Object Totals
         0          0         32          0          0          0   (incl. Generated)
        38          0          0          0          4          0   (incl. Padding)

    ----------------------------------------------------------------------

      Code (inc. data)   RO Data    RW Data    ZI Data      Debug   Library Member Name

         0          0          0          0          0          0   entry.o
         0          0          0          0          0          0   entry10a.o
         0          0          0          0          0          0   entry11a.o
         8          4          0          0          0          0   entry2.o
         4          0          0          0          0          0   entry5.o
         0          0          0          0          0          0   entry7b.o
         0          0          0          0          0          0   entry8b.o
         8          4          0          0          0          0   entry9a.o
        30          0          0          0          0          0   handlers.o
        36          8          0          0          0         68   init.o
         0          0          0          0          0          0   iusefp.o
        98          0          0          0          0         84   ldiv.o
        30          0          0          0          0         68   llshl.o
        36          0          0          0          0         68   llsshr.o
        32          0          0          0          0         68   llushr.o
        36          0          0          0          0         68   memcpya.o
      2276         86          0          0          0        520   printfa.o
        14          0          0          0          0         68   strlen.o
        44          0          0          0          0         80   uidiv.o
        98          0          0          0          0         92   uldiv.o
        48          0          0          0          0         68   cdrcmple.o
       334          0          0          0          0        148   dadd.o
       222          0          0          0          0        100   ddiv.o
       186          0          0          0          0        176   depilogue.o
        48          0          0          0          0         68   dfixul.o
       228          0          0          0          0         96   dmul.o
        38          0          0          0          0         68   f2d.o

    ----------------------------------------------------------------------
      3860        102          0          0          0       1908   Library Totals
         6          0          0          0          0          0   (incl. Padding)

    ----------------------------------------------------------------------

      Code (inc. data)   RO Data    RW Data    ZI Data      Debug   Library Name

      2750        102          0          0          0       1184   mc_w.l
      1104          0          0          0          0        724   mf_w.l

    ----------------------------------------------------------------------
      3860        102          0          0          0       1908   Library Totals

    ----------------------------------------------------------------------

==============================================================================


      Code (inc. data)   RO Data    RW Data    ZI Data      Debug   

     22508       1552        748        148      18500     932966   Grand Totals
     22508       1552        748        148      18500     932966   ELF Image Totals
     22508       1552        748        148          0          0   ROM Totals

==============================================================================

    Total RO  Size (Code + RO Data)                23256 (  22.71kB)
    Total RW  Size (RW Data + ZI Data)             18648 (  18.21kB)
    Total ROM Size (Code + RO Data + RW Data)      23404 (  22.86kB)

==============================================================================

