<html>
<body>
<pre>
<h1>µVision Build Log</h1>
<h2>Tool Versions:</h2>
IDE-Version: µVision V5.24.2.0
Copyright (C) 2017 ARM Ltd and ARM Germany GmbH. All rights reserved.
License Information: Valeriy Mishchanchuk, KPI, LIC=----
 
Tool Versions:
Toolchain:       MDK-Lite  Version: 5.24.1
Toolchain Path:  C:\Keil_v5\ARM\ARMCC\Bin
C Compiler:      Armcc.exe V5.06 update 5 (build 528)
Assembler:       Armasm.exe V5.06 update 5 (build 528)
Linker/Locator:  ArmLink.exe V5.06 update 5 (build 528)
Library Manager: ArmAr.exe V5.06 update 5 (build 528)
Hex Converter:   FromElf.exe V5.06 update 5 (build 528)
CPU DLL:         SARMCM3.DLL V5.24.1
Dialog DLL:      DCM.DLL V1.16.0.0
Target DLL:      STLink\ST-LINKIII-KEIL_SWO.dll V3.0.1.0
Dialog DLL:      TCM.DLL V1.32.0.0
 
<h2>Project:</h2>
D:\NUKLEO_STM\testTask_STM32\MDK-ARM\testTask_STM32.uvprojx
Project File Date:  01/19/2020

<h2>Output:</h2>
*** Using Compiler 'V5.06 update 5 (build 528)', folder: 'C:\Keil_v5\ARM\ARMCC\Bin'
Rebuild target 'testTask_STM32'
assembling startup_stm32f446xx.s...
compiling freertos.c...
compiling MQTTConnectClient.c...
compiling MQTTConnectServer.c...
compiling MQTTDeserializePublish.c...
compiling MQTTFormat.c...
compiling MQTTPacket.c...
compiling MQTTSerializePublish.c...
compiling MQTTSubscribeClient.c...
compiling MQTTSubscribeServer.c...
compiling MQTTUnsubscribeClient.c...
compiling MQTTUnsubscribeServer.c...
compiling stm32f4xx_hal_msp.c...
compiling stm32f4xx_hal_timebase_TIM.c...
compiling sensorsI2C.c...
..\Src\sensorsI2C.h(13): warning:  #1-D: last line of file ends without a newline
  #endif
..\Src\sensorsI2C.c(4): warning:  #550-D: parameter "size"  was set but never used
  int8_t sensorsI2C_BMP280Initialization( I2C_HandleTypeDef *hi2c1,UART_HandleTypeDef *huart, uint8_t *Data, uint16_t size  )
..\Src\sensorsI2C.c(26): warning:  #550-D: parameter "size"  was set but never used
  int8_t sensorsI2C_BMP280GetData( I2C_HandleTypeDef *hi2c1,UART_HandleTypeDef *huart, uint8_t *Data, uint16_t size, float *temperature, float* pressure,float * humidity)
..\Src\sensorsI2C.c: 3 warnings, 0 errors
compiling bmp280.c...
compiling stm32f4xx_it.c...
compiling system_stm32f4xx.c...
compiling main.c...
../Src/sensorsI2C.h(13): warning:  #1-D: last line of file ends without a newline
  #endif
../Src/main.c(151): warning:  #940-D: missing return statement at end of non-void function "uintToString" 
  }
../Src/main.c(247): warning:  #940-D: missing return statement at end of non-void function "espReplyIsSubstring" 
  }
../Src/main.c(260): warning:  #177-D: variable "_WAIT"  was declared but never referenced
      uint8_t _WAIT[] ="Waiting for AT reply ...\n";  
../Src/main.c(689): warning:  #177-D: variable "rc"  was declared but never referenced
  uint16_t rc = 0;
../Src/main.c(706): warning:  #177-D: variable "AT_RST"  was declared but never referenced
      uint8_t AT_RST[]    = "AT+RST\r\n";
../Src/main.c(723): warning:  #177-D: variable "_WIFI_connected"  was declared but never referenced
      uint8_t _WIFI_connected[] ="WiFi connected.\n";
../Src/main.c: 7 warnings, 0 errors
compiling stm32f4xx_hal_flash.c...
compiling stm32f4xx_hal_tim_ex.c...
compiling stm32f4xx_hal_dma.c...
compiling stm32f4xx_hal_pwr.c...
compiling stm32f4xx_hal_gpio.c...
compiling stm32f4xx_hal_flash_ramfunc.c...
compiling stm32f4xx_hal_uart.c...
compiling stm32f4xx_hal_flash_ex.c...
compiling stm32f4xx_hal_rcc.c...
compiling stm32f4xx_hal.c...
compiling stm32f4xx_hal_i2c_ex.c...
compiling stm32f4xx_hal_tim.c...
compiling stm32f4xx_hal_i2c.c...
compiling stm32f4xx_hal_cortex.c...
compiling timers.c...
compiling tasks.c...
compiling event_groups.c...
compiling port.c...
compiling croutine.c...
compiling cmsis_os.c...
compiling queue.c...
compiling heap_4.c...
compiling list.c...
compiling stm32f4xx_hal_dma_ex.c...
compiling stm32f4xx_hal_pwr_ex.c...
compiling stm32f4xx_hal_rcc_ex.c...
linking...
Program Size: Code=22456 RO-data=748 RW-data=144 ZI-data=18496  
"testTask_STM32\testTask_STM32.axf" - 0 Error(s), 10 Warning(s).

<h2>Software Packages used:</h2>

Package Vendor: ARM
                http://www.keil.com/pack/ARM.CMSIS.5.3.0.pack
                ARM.CMSIS.5.3.0
                CMSIS (Cortex Microcontroller Software Interface Standard)
   * Component: CORE Version: 5.1.1

Package Vendor: Keil
                http://www.keil.com/pack/Keil.STM32F4xx_DFP.2.11.0.pack
                Keil.STM32F4xx_DFP.2.11.0
                STMicroelectronics STM32F4 Series Device Support, Drivers and Examples

<h2>Collection of Component include folders:</h2>
  .\RTE\_testTask_STM32
  C:\Keil_v5\ARM\PACK\ARM\CMSIS\5.3.0\CMSIS\Include
  C:\Keil_v5\ARM\PACK\Keil\STM32F4xx_DFP\2.11.0\Drivers\CMSIS\Device\ST\STM32F4xx\Include

<h2>Collection of Component Files used:</h2>

   * Component: ARM::CMSIS:CORE:5.1.1
Build Time Elapsed:  00:00:30
</pre>
</body>
</html>
